Archive member included to satisfy reference by file (symbol)

c:/st/stm32cubeide_1.10.1/stm32cubeide/plugins/com.st.stm32cube.ide.mcu.externaltools.gnu-tools-for-stm32.10.3-2021.10.win32_1.0.0.202111181127/tools/bin/../lib/gcc/arm-none-eabi/10.3.1/../../../../arm-none-eabi/lib/thumb/v7e-m+fp/hard\libc_nano.a(lib_a-errno.o)
                              ./Core/Src/syscalls.o (__errno)
c:/st/stm32cubeide_1.10.1/stm32cubeide/plugins/com.st.stm32cube.ide.mcu.externaltools.gnu-tools-for-stm32.10.3-2021.10.win32_1.0.0.202111181127/tools/bin/../lib/gcc/arm-none-eabi/10.3.1/../../../../arm-none-eabi/lib/thumb/v7e-m+fp/hard\libc_nano.a(lib_a-exit.o)
                              c:/st/stm32cubeide_1.10.1/stm32cubeide/plugins/com.st.stm32cube.ide.mcu.externaltools.gnu-tools-for-stm32.10.3-2021.10.win32_1.0.0.202111181127/tools/bin/../lib/gcc/arm-none-eabi/10.3.1/../../../../arm-none-eabi/lib/thumb/v7e-m+fp/hard/crt0.o (exit)
c:/st/stm32cubeide_1.10.1/stm32cubeide/plugins/com.st.stm32cube.ide.mcu.externaltools.gnu-tools-for-stm32.10.3-2021.10.win32_1.0.0.202111181127/tools/bin/../lib/gcc/arm-none-eabi/10.3.1/../../../../arm-none-eabi/lib/thumb/v7e-m+fp/hard\libc_nano.a(lib_a-impure.o)
                              c:/st/stm32cubeide_1.10.1/stm32cubeide/plugins/com.st.stm32cube.ide.mcu.externaltools.gnu-tools-for-stm32.10.3-2021.10.win32_1.0.0.202111181127/tools/bin/../lib/gcc/arm-none-eabi/10.3.1/../../../../arm-none-eabi/lib/thumb/v7e-m+fp/hard\libc_nano.a(lib_a-exit.o) (_global_impure_ptr)
c:/st/stm32cubeide_1.10.1/stm32cubeide/plugins/com.st.stm32cube.ide.mcu.externaltools.gnu-tools-for-stm32.10.3-2021.10.win32_1.0.0.202111181127/tools/bin/../lib/gcc/arm-none-eabi/10.3.1/../../../../arm-none-eabi/lib/thumb/v7e-m+fp/hard\libc_nano.a(lib_a-init.o)
                              c:/st/stm32cubeide_1.10.1/stm32cubeide/plugins/com.st.stm32cube.ide.mcu.externaltools.gnu-tools-for-stm32.10.3-2021.10.win32_1.0.0.202111181127/tools/bin/../lib/gcc/arm-none-eabi/10.3.1/../../../../arm-none-eabi/lib/thumb/v7e-m+fp/hard/crt0.o (__libc_init_array)
c:/st/stm32cubeide_1.10.1/stm32cubeide/plugins/com.st.stm32cube.ide.mcu.externaltools.gnu-tools-for-stm32.10.3-2021.10.win32_1.0.0.202111181127/tools/bin/../lib/gcc/arm-none-eabi/10.3.1/../../../../arm-none-eabi/lib/thumb/v7e-m+fp/hard\libc_nano.a(lib_a-memset.o)
                              c:/st/stm32cubeide_1.10.1/stm32cubeide/plugins/com.st.stm32cube.ide.mcu.externaltools.gnu-tools-for-stm32.10.3-2021.10.win32_1.0.0.202111181127/tools/bin/../lib/gcc/arm-none-eabi/10.3.1/../../../../arm-none-eabi/lib/thumb/v7e-m+fp/hard/crt0.o (memset)
c:/st/stm32cubeide_1.10.1/stm32cubeide/plugins/com.st.stm32cube.ide.mcu.externaltools.gnu-tools-for-stm32.10.3-2021.10.win32_1.0.0.202111181127/tools/bin/../lib/gcc/arm-none-eabi/10.3.1/../../../../arm-none-eabi/lib/thumb/v7e-m+fp/hard\libc_nano.a(lib_a-puts.o)
                              ./Core/Src/motor.o (puts)
c:/st/stm32cubeide_1.10.1/stm32cubeide/plugins/com.st.stm32cube.ide.mcu.externaltools.gnu-tools-for-stm32.10.3-2021.10.win32_1.0.0.202111181127/tools/bin/../lib/gcc/arm-none-eabi/10.3.1/../../../../arm-none-eabi/lib/thumb/v7e-m+fp/hard\libc_nano.a(lib_a-wbuf.o)
                              c:/st/stm32cubeide_1.10.1/stm32cubeide/plugins/com.st.stm32cube.ide.mcu.externaltools.gnu-tools-for-stm32.10.3-2021.10.win32_1.0.0.202111181127/tools/bin/../lib/gcc/arm-none-eabi/10.3.1/../../../../arm-none-eabi/lib/thumb/v7e-m+fp/hard\libc_nano.a(lib_a-puts.o) (__swbuf_r)
c:/st/stm32cubeide_1.10.1/stm32cubeide/plugins/com.st.stm32cube.ide.mcu.externaltools.gnu-tools-for-stm32.10.3-2021.10.win32_1.0.0.202111181127/tools/bin/../lib/gcc/arm-none-eabi/10.3.1/../../../../arm-none-eabi/lib/thumb/v7e-m+fp/hard\libc_nano.a(lib_a-wsetup.o)
                              c:/st/stm32cubeide_1.10.1/stm32cubeide/plugins/com.st.stm32cube.ide.mcu.externaltools.gnu-tools-for-stm32.10.3-2021.10.win32_1.0.0.202111181127/tools/bin/../lib/gcc/arm-none-eabi/10.3.1/../../../../arm-none-eabi/lib/thumb/v7e-m+fp/hard\libc_nano.a(lib_a-puts.o) (__swsetup_r)
c:/st/stm32cubeide_1.10.1/stm32cubeide/plugins/com.st.stm32cube.ide.mcu.externaltools.gnu-tools-for-stm32.10.3-2021.10.win32_1.0.0.202111181127/tools/bin/../lib/gcc/arm-none-eabi/10.3.1/../../../../arm-none-eabi/lib/thumb/v7e-m+fp/hard\libc_nano.a(lib_a-fflush.o)
                              c:/st/stm32cubeide_1.10.1/stm32cubeide/plugins/com.st.stm32cube.ide.mcu.externaltools.gnu-tools-for-stm32.10.3-2021.10.win32_1.0.0.202111181127/tools/bin/../lib/gcc/arm-none-eabi/10.3.1/../../../../arm-none-eabi/lib/thumb/v7e-m+fp/hard\libc_nano.a(lib_a-wbuf.o) (_fflush_r)
c:/st/stm32cubeide_1.10.1/stm32cubeide/plugins/com.st.stm32cube.ide.mcu.externaltools.gnu-tools-for-stm32.10.3-2021.10.win32_1.0.0.202111181127/tools/bin/../lib/gcc/arm-none-eabi/10.3.1/../../../../arm-none-eabi/lib/thumb/v7e-m+fp/hard\libc_nano.a(lib_a-findfp.o)
[...]
Memory Configuration

Name             Origin             Length             Attributes
RAM              0x0000000020000000 0x0000000000020000 xrw
FLASH            0x0000000008000000 0x0000000000080000 xr
*default*        0x0000000000000000 0xffffffffffffffff

Linker script and memory map

LOAD c:/st/stm32cubeide_1.10.1/stm32cubeide/plugins/com.st.stm32cube.ide.mcu.externaltools.gnu-tools-for-stm32.10.3-2021.10.win32_1.0.0.202111181127/tools/bin/../lib/gcc/arm-none-eabi/10.3.1/thumb/v7e-m+fp/hard/crti.o
LOAD c:/st/stm32cubeide_1.10.1/stm32cubeide/plugins/com.st.stm32cube.ide.mcu.externaltools.gnu-tools-for-stm32.10.3-2021.10.win32_1.0.0.202111181127/tools/bin/../lib/gcc/arm-none-eabi/10.3.1/thumb/v7e-m+fp/hard/crtbegin.o
LOAD c:/st/stm32cubeide_1.10.1/stm32cubeide/plugins/com.st.stm32cube.ide.mcu.externaltools.gnu-tools-for-stm32.10.3-2021.10.win32_1.0.0.202111181127/tools/bin/../lib/gcc/arm-none-eabi/10.3.1/../../../../arm-none-eabi/lib/thumb/v7e-m+fp/hard/crt0.o
LOAD ./Core/Src/can.o
LOAD ./Core/Src/gpio.o
LOAD ./Core/Src/main.o
LOAD ./Core/Src/motor.o
LOAD ./Core/Src/spi.o
LOAD ./Core/Src/stm32f4xx_hal_msp.o
LOAD ./Core/Src/stm32f4xx_it.o
LOAD ./Core/Src/syscalls.o
LOAD ./Core/Src/sysmem.o
LOAD ./Core/Src/system_stm32f4xx.o
LOAD ./Core/Src/usart.o
LOAD ./Core/Startup/startup_stm32f446retx.o
LOAD ./Drivers/STM32F4xx_HAL_Driver/Src/stm32f4xx_hal.o
LOAD ./Drivers/STM32F4xx_HAL_Driver/Src/stm32f4xx_hal_can.o
LOAD ./Drivers/STM32F4xx_HAL_Driver/Src/stm32f4xx_hal_cortex.o
LOAD ./Drivers/STM32F4xx_HAL_Driver/Src/stm32f4xx_hal_dma.o
LOAD ./Drivers/STM32F4xx_HAL_Driver/Src/stm32f4xx_hal_dma_ex.o
LOAD ./Drivers/STM32F4xx_HAL_Driver/Src/stm32f4xx_hal_exti.o
LOAD ./Drivers/STM32F4xx_HAL_Driver/Src/stm32f4xx_hal_flash.o
LOAD ./Drivers/STM32F4xx_HAL_Driver/Src/stm32f4xx_hal_flash_ex.o
LOAD ./Drivers/STM32F4xx_HAL_Driver/Src/stm32f4xx_hal_flash_ramfunc.o
LOAD ./Drivers/STM32F4xx_HAL_Driver/Src/stm32f4xx_hal_gpio.o
LOAD ./Drivers/STM32F4xx_HAL_Driver/Src/stm32f4xx_hal_pwr.o
LOAD ./Drivers/STM32F4xx_HAL_Driver/Src/stm32f4xx_hal_pwr_ex.o
LOAD ./Drivers/STM32F4xx_HAL_Driver/Src/stm32f4xx_hal_rcc.o
LOAD ./Drivers/STM32F4xx_HAL_Driver/Src/stm32f4xx_hal_rcc_ex.o
LOAD ./Drivers/STM32F4xx_HAL_Driver/Src/stm32f4xx_hal_spi.o
LOAD ./Drivers/STM32F4xx_HAL_Driver/Src/stm32f4xx_hal_tim.o
LOAD ./Drivers/STM32F4xx_HAL_Driver/Src/stm32f4xx_hal_tim_ex.o
LOAD ./Drivers/STM32F4xx_HAL_Driver/Src/stm32f4xx_hal_uart.o
START GROUP
LOAD c:/st/stm32cubeide_1.10.1/stm32cubeide/plugins/com.st.stm32cube.ide.mcu.externaltools.gnu-tools-for-stm32.10.3-2021.10.win32_1.0.0.202111181127/tools/bin/../lib/gcc/arm-none-eabi/10.3.1/../../../../arm-none-eabi/lib/thumb/v7e-m+fp/hard\libstdc++_nano.a
LOAD c:/st/stm32cubeide_1.10.1/stm32cubeide/plugins/com.st.stm32cube.ide.mcu.externaltools.gnu-tools-for-stm32.10.3-2021.10.win32_1.0.0.202111181127/tools/bin/../lib/gcc/arm-none-eabi/10.3.1/../../../../arm-none-eabi/lib/thumb/v7e-m+fp/hard\libsupc++_nano.a
END GROUP
LOAD c:/st/stm32cubeide_1.10.1/stm32cubeide/plugins/com.st.stm32cube.ide.mcu.externaltools.gnu-tools-for-stm32.10.3-2021.10.win32_1.0.0.202111181127/tools/bin/../lib/gcc/arm-none-eabi/10.3.1/../../../../arm-none-eabi/lib/thumb/v7e-m+fp/hard\libstdc++_nano.a
LOAD c:/st/stm32cubeide_1.10.1/stm32cubeide/plugins/com.st.stm32cube.ide.mcu.externaltools.gnu-tools-for-stm32.10.3-2021.10.win32_1.0.0.202111181127/tools/bin/../lib/gcc/arm-none-eabi/10.3.1/../../../../arm-none-eabi/lib/thumb/v7e-m+fp/hard\libm.a
LOAD c:/st/stm32cubeide_1.10.1/stm32cubeide/plugins/com.st.stm32cube.ide.mcu.externaltools.gnu-tools-for-stm32.10.3-2021.10.win32_1.0.0.202111181127/tools/bin/../lib/gcc/arm-none-eabi/10.3.1/../../../../arm-none-eabi/lib/thumb/v7e-m+fp/hard\libc_nano.a
START GROUP
LOAD c:/st/stm32cubeide_1.10.1/stm32cubeide/plugins/com.st.stm32cube.ide.mcu.externaltools.gnu-tools-for-stm32.10.3-2021.10.win32_1.0.0.202111181127/tools/bin/../lib/gcc/arm-none-eabi/10.3.1/thumb/v7e-m+fp/hard\libgcc.a
LOAD c:/st/stm32cubeide_1.10.1/stm32cubeide/plugins/com.st.stm32cube.ide.mcu.externaltools.gnu-tools-for-stm32.10.3-2021.10.win32_1.0.0.202111181127/tools/bin/../lib/gcc/arm-none-eabi/10.3.1/../../../../arm-none-eabi/lib/thumb/v7e-m+fp/hard\libc_nano.a
END GROUP
START GROUP
LOAD c:/st/stm32cubeide_1.10.1/stm32cubeide/plugins/com.st.stm32cube.ide.mcu.externaltools.gnu-tools-for-stm32.10.3-2021.10.win32_1.0.0.202111181127/tools/bin/../lib/gcc/arm-none-eabi/10.3.1/thumb/v7e-m+fp/hard\libgcc.a
LOAD c:/st/stm32cubeide_1.10.1/stm32cubeide/plugins/com.st.stm32cube.ide.mcu.externaltools.gnu-tools-for-stm32.10.3-2021.10.win32_1.0.0.202111181127/tools/bin/../lib/gcc/arm-none-eabi/10.3.1/../../../../arm-none-eabi/lib/thumb/v7e-m+fp/hard\libc_nano.a
LOAD c:/st/stm32cubeide_1.10.1/stm32cubeide/plugins/com.st.stm32cube.ide.mcu.externaltools.gnu-tools-for-stm32.10.3-2021.10.win32_1.0.0.202111181127/tools/bin/../lib/gcc/arm-none-eabi/10.3.1/../../../../arm-none-eabi/lib/thumb/v7e-m+fp/hard\libnosys.a
END GROUP
START GROUP
LOAD c:/st/stm32cubeide_1.10.1/stm32cubeide/plugins/com.st.stm32cube.ide.mcu.externaltools.gnu-tools-for-stm32.10.3-2021.10.win32_1.0.0.202111181127/tools/bin/../lib/gcc/arm-none-eabi/10.3.1/thumb/v7e-m+fp/hard\libgcc.a
LOAD c:/st/stm32cubeide_1.10.1/stm32cubeide/plugins/com.st.stm32cube.ide.mcu.externaltools.gnu-tools-for-stm32.10.3-2021.10.win32_1.0.0.202111181127/tools/bin/../lib/gcc/arm-none-eabi/10.3.1/../../../../arm-none-eabi/lib/thumb/v7e-m+fp/hard\libc_nano.a
LOAD c:/st/stm32cubeide_1.10.1/stm32cubeide/plugins/com.st.stm32cube.ide.mcu.externaltools.gnu-tools-for-stm32.10.3-2021.10.win32_1.0.0.202111181127/tools/bin/../lib/gcc/arm-none-eabi/10.3.1/../../../../arm-none-eabi/lib/thumb/v7e-m+fp/hard\libnosys.a
END GROUP
LOAD c:/st/stm32cubeide_1.10.1/stm32cubeide/plugins/com.st.stm32cube.ide.mcu.externaltools.gnu-tools-for-stm32.10.3-2021.10.win32_1.0.0.202111181127/tools/bin/../lib/gcc/arm-none-eabi/10.3.1/thumb/v7e-m+fp/hard/crtend.o
LOAD c:/st/stm32cubeide_1.10.1/stm32cubeide/plugins/com.st.stm32cube.ide.mcu.externaltools.gnu-tools-for-stm32.10.3-2021.10.win32_1.0.0.202111181127/tools/bin/../lib/gcc/arm-none-eabi/10.3.1/thumb/v7e-m+fp/hard/crtn.o
                0x0000000020020000                _estack = (ORIGIN (RAM) + LENGTH (RAM))
                0x0000000000000200                _Min_Heap_Size = 0x200
                0x0000000000000400                _Min_Stack_Size = 0x400

.isr_vector     0x0000000008000000      0x1c4
                0x0000000008000000                . = ALIGN (0x4)
 *(.isr_vector)
 .isr_vector    0x0000000008000000      0x1c4 ./Core/Startup/startup_stm32f446retx.o
                0x0000000008000000                g_pfnVectors
                0x00000000080001c4                . = ALIGN (0x4)

.text           0x00000000080001c4     0x4b84
                0x00000000080001c4                . = ALIGN (0x4)
 *(.text)
 .text          0x00000000080001c4       0x40 c:/st/stm32cubeide_1.10.1/stm32cubeide/plugins/com.st.stm32cube.ide.mcu.externaltools.gnu-tools-for-stm32.10.3-2021.10.win32_1.0.0.202111181127/tools/bin/../lib/gcc/arm-none-eabi/10.3.1/thumb/v7e-m+fp/hard/crtbegin.o
 .text          0x0000000008000204      0x378 c:/st/stm32cubeide_1.10.1/stm32cubeide/plugins/com.st.stm32cube.ide.mcu.externaltools.gnu-tools-for-stm32.10.3-2021.10.win32_1.0.0.202111181127/tools/bin/../lib/gcc/arm-none-eabi/10.3.1/thumb/v7e-m+fp/hard\libgcc.a(_arm_addsubdf3.o)
                0x0000000008000204                __aeabi_drsub
                0x000000000800020c                __aeabi_dsub
                0x000000000800020c                __subdf3
                0x0000000008000210                __aeabi_dadd
                0x0000000008000210                __adddf3
                0x0000000008000488                __floatunsidf
                0x0000000008000488                __aeabi_ui2d
                0x00000000080004a8                __floatsidf
                0x00000000080004a8                __aeabi_i2d
                0x00000000080004cc                __aeabi_f2d
                0x00000000080004cc                __extendsfdf2
                0x0000000008000510                __floatundidf
                0x0000000008000510                __aeabi_ul2d
                0x0000000008000520                __floatdidf
                0x0000000008000520                __aeabi_l2d
 .text          0x000000000800057c      0x424 c:/st/stm32cubeide_1.10.1/stm32cubeide/plugins/com.st.stm32cube.ide.mcu.externaltools.gnu-tools-for-stm32.10.3-2021.10.win32_1.0.0.202111181127/tools/bin/../lib/gcc/arm-none-eabi/10.3.1/thumb/v7e-m+fp/hard\libgcc.a(_arm_muldivdf3.o)
                0x000000000800057c                __aeabi_dmul
                0x000000000800057c                __muldf3
                0x00000000080007d0                __divdf3
                0x00000000080007d0                __aeabi_ddiv
 .text          0x00000000080009a0       0x50 c:/st/stm32cubeide_1.10.1/stm32cubeide/plugins/com.st.stm32cube.ide.mcu.externaltools.gnu-tools-for-stm32.10.3-2021.10.win32_1.0.0.202111181127/tools/bin/../lib/gcc/arm-none-eabi/10.3.1/thumb/v7e-m+fp/hard\libgcc.a(_arm_fixdfsi.o)
                0x00000000080009a0                __aeabi_d2iz
                0x00000000080009a0                __fixdfsi
 .text          0x00000000080009f0       0x30 c:/st/stm32cubeide_1.10.1/stm32cubeide/plugins/com.st.stm32cube.ide.mcu.externaltools.gnu-tools-for-stm32.10.3-2021.10.win32_1.0.0.202111181127/tools/bin/../lib/gcc/arm-none-eabi/10.3.1/thumb/v7e-m+fp/hard\libgcc.a(_aeabi_uldivmod.o)
                0x00000000080009f0                __aeabi_uldivmod
 .text          0x0000000008000a20      0x2d0 c:/st/stm32cubeide_1.10.1/stm32cubeide/plugins/com.st.stm32cube.ide.mcu.externaltools.gnu-tools-for-stm32.10.3-2021.10.win32_1.0.0.202111181127/tools/bin/../lib/gcc/arm-none-eabi/10.3.1/thumb/v7e-m+fp/hard\libgcc.a(_udivmoddi4.o)
                0x0000000008000a20                __udivmoddi4
 .text          0x0000000008000cf0        0x4 c:/st/stm32cubeide_1.10.1/stm32cubeide/plugins/com.st.stm32cube.ide.mcu.externaltools.gnu-tools-for-stm32.10.3-2021.10.win32_1.0.0.202111181127/tools/bin/../lib/gcc/arm-none-eabi/10.3.1/thumb/v7e-m+fp/hard\libgcc.a(_dvmd_tls.o)
                0x0000000008000cf0                __aeabi_idiv0
                0x0000000008000cf0                __aeabi_ldiv0
 *(.text*)
 .text.MX_CAN1_Init
                0x0000000008000cf4       0x6c ./Core/Src/can.o
                0x0000000008000cf4                MX_CAN1_Init
 .text.HAL_CAN_MspInit
                0x0000000008000d60       0xa0 ./Core/Src/can.o
                0x0000000008000d60                HAL_CAN_MspInit
 .text.MX_GPIO_Init
                0x0000000008000e00       0xdc ./Core/Src/gpio.o
                0x0000000008000e00                MX_GPIO_Init
 .text.main     0x0000000008000edc      0x400 ./Core/Src/main.o
                0x0000000008000edc                main
 .text._Z18SystemClock_Configv
                0x00000000080012dc      0x104 ./Core/Src/main.o
                0x00000000080012dc                SystemClock_Config()
 .text.HAL_CAN_RxFifo0MsgPendingCallback
                0x00000000080013e0      0x1c4 ./Core/Src/main.o
                0x00000000080013e0                HAL_CAN_RxFifo0MsgPendingCallback
 .text.HAL_SPI_RxCpltCallback
                0x00000000080015a4       0x84 ./Core/Src/main.o
                0x00000000080015a4                HAL_SPI_RxCpltCallback
 .text.Error_Handler
                0x0000000008001628        0xa ./Core/Src/main.o
                0x0000000008001628                Error_Handler
 .text._ZN5Motor8PID_InitEffff
                0x0000000008001632       0xa2 ./Core/Src/motor.o
                0x0000000008001632                Motor::PID_Init(float, float, float, float)
 .text._ZN5Motor14PID_ControllerEf
                0x00000000080016d4      0x140 ./Core/Src/motor.o
                0x00000000080016d4                Motor::PID_Controller(float)
 .text.MX_SPI2_Init
                0x0000000008001814       0x64 ./Core/Src/spi.o
                0x0000000008001814                MX_SPI2_Init
 .text.HAL_SPI_MspInit
                0x0000000008001878       0xa0 ./Core/Src/spi.o
                0x0000000008001878                HAL_SPI_MspInit
 .text.HAL_MspInit
                0x0000000008001918       0x50 ./Core/Src/stm32f4xx_hal_msp.o
                0x0000000008001918                HAL_MspInit
 .text.NMI_Handler
                0x0000000008001968        0x6 ./Core/Src/stm32f4xx_it.o
                0x0000000008001968                NMI_Handler
 .text.HardFault_Handler
                0x000000000800196e        0x6 ./Core/Src/stm32f4xx_it.o
                0x000000000800196e                HardFault_Handler
 .text.MemManage_Handler
                0x0000000008001974        0x6 ./Core/Src/stm32f4xx_it.o
                0x0000000008001974                MemManage_Handler
 .text.BusFault_Handler
                0x000000000800197a        0x6 ./Core/Src/stm32f4xx_it.o
                0x000000000800197a                BusFault_Handler
 .text.UsageFault_Handler
                0x0000000008001980        0x6 ./Core/Src/stm32f4xx_it.o
                0x0000000008001980                UsageFault_Handler
 .text.SVC_Handler
                0x0000000008001986        0xe ./Core/Src/stm32f4xx_it.o
                0x0000000008001986                SVC_Handler
 .text.DebugMon_Handler
                0x0000000008001994        0xe ./Core/Src/stm32f4xx_it.o
                0x0000000008001994                DebugMon_Handler
 .text.PendSV_Handler
                0x00000000080019a2        0xe ./Core/Src/stm32f4xx_it.o
                0x00000000080019a2                PendSV_Handler
 .text.SysTick_Handler
                0x00000000080019b0        0xc ./Core/Src/stm32f4xx_it.o
                0x00000000080019b0                SysTick_Handler
 .text.CAN1_RX0_IRQHandler
                0x00000000080019bc       0x14 ./Core/Src/stm32f4xx_it.o
                0x00000000080019bc                CAN1_RX0_IRQHandler
 .text.SPI2_IRQHandler
                0x00000000080019d0       0x14 ./Core/Src/stm32f4xx_it.o
                0x00000000080019d0                SPI2_IRQHandler
 .text.SystemInit
                0x00000000080019e4       0x24 ./Core/Src/system_stm32f4xx.o
                0x00000000080019e4                SystemInit
 .text.MX_USART2_UART_Init
                0x0000000008001a08       0x54 ./Core/Src/usart.o
                0x0000000008001a08                MX_USART2_UART_Init
 .text.HAL_UART_MspInit
                0x0000000008001a5c       0x90 ./Core/Src/usart.o
                0x0000000008001a5c                HAL_UART_MspInit
 .text.Reset_Handler
                0x0000000008001aec       0x50 ./Core/Startup/startup_stm32f446retx.o
                0x0000000008001aec                Reset_Handler
 .text.Default_Handler
                0x0000000008001b3c        0x2 ./Core/Startup/startup_stm32f446retx.o
                0x0000000008001b3c                RTC_Alarm_IRQHandler
                0x0000000008001b3c                EXTI2_IRQHandler
                0x0000000008001b3c                TIM8_CC_IRQHandler
                0x0000000008001b3c                FMPI2C1_EV_IRQHandler
                0x0000000008001b3c                SPI4_IRQHandler
                0x0000000008001b3c                TIM1_CC_IRQHandler
                0x0000000008001b3c                DMA2_Stream5_IRQHandler
                0x0000000008001b3c                DMA1_Stream5_IRQHandler
                0x0000000008001b3c                PVD_IRQHandler
                0x0000000008001b3c                SDIO_IRQHandler
                0x0000000008001b3c                TAMP_STAMP_IRQHandler
                0x0000000008001b3c                CAN2_RX1_IRQHandler
                0x0000000008001b3c                EXTI3_IRQHandler
                0x0000000008001b3c                TIM8_TRG_COM_TIM14_IRQHandler
                0x0000000008001b3c                TIM1_UP_TIM10_IRQHandler
                0x0000000008001b3c                TIM8_UP_TIM13_IRQHandler
                0x0000000008001b3c                I2C3_ER_IRQHandler
                0x0000000008001b3c                EXTI0_IRQHandler
                0x0000000008001b3c                I2C2_EV_IRQHandler
                0x0000000008001b3c                DMA1_Stream2_IRQHandler
                0x0000000008001b3c                FPU_IRQHandler
                0x0000000008001b3c                OTG_HS_WKUP_IRQHandler
                0x0000000008001b3c                CAN2_SCE_IRQHandler
                0x0000000008001b3c                DMA2_Stream2_IRQHandler
                0x0000000008001b3c                SPI1_IRQHandler
                0x0000000008001b3c                TIM6_DAC_IRQHandler
                0x0000000008001b3c                TIM1_BRK_TIM9_IRQHandler
                0x0000000008001b3c                DCMI_IRQHandler
                0x0000000008001b3c                CAN2_RX0_IRQHandler
                0x0000000008001b3c                DMA2_Stream3_IRQHandler
                0x0000000008001b3c                SAI2_IRQHandler
                0x0000000008001b3c                USART6_IRQHandler
                0x0000000008001b3c                USART3_IRQHandler
                0x0000000008001b3c                CAN1_RX1_IRQHandler
                0x0000000008001b3c                UART5_IRQHandler
                0x0000000008001b3c                DMA2_Stream0_IRQHandler
                0x0000000008001b3c                TIM4_IRQHandler
                0x0000000008001b3c                QUADSPI_IRQHandler
                0x0000000008001b3c                I2C1_EV_IRQHandler
                0x0000000008001b3c                DMA1_Stream6_IRQHandler
                0x0000000008001b3c                DMA1_Stream1_IRQHandler
                0x0000000008001b3c                UART4_IRQHandler
                0x0000000008001b3c                TIM3_IRQHandler
                0x0000000008001b3c                RCC_IRQHandler
                0x0000000008001b3c                TIM8_BRK_TIM12_IRQHandler
                0x0000000008001b3c                Default_Handler
                0x0000000008001b3c                CEC_IRQHandler
                0x0000000008001b3c                EXTI15_10_IRQHandler
                0x0000000008001b3c                ADC_IRQHandler
                0x0000000008001b3c                DMA1_Stream7_IRQHandler
                0x0000000008001b3c                TIM7_IRQHandler
                0x0000000008001b3c                CAN2_TX_IRQHandler
                0x0000000008001b3c                TIM5_IRQHandler
                0x0000000008001b3c                DMA2_Stream7_IRQHandler
                0x0000000008001b3c                I2C3_EV_IRQHandler
                0x0000000008001b3c                EXTI9_5_IRQHandler
                0x0000000008001b3c                RTC_WKUP_IRQHandler
                0x0000000008001b3c                SPDIF_RX_IRQHandler
                0x0000000008001b3c                OTG_HS_EP1_IN_IRQHandler
                0x0000000008001b3c                DMA1_Stream0_IRQHandler
                0x0000000008001b3c                CAN1_TX_IRQHandler
                0x0000000008001b3c                FMPI2C1_ER_IRQHandler
                0x0000000008001b3c                EXTI4_IRQHandler
                0x0000000008001b3c                OTG_HS_EP1_OUT_IRQHandler
                0x0000000008001b3c                WWDG_IRQHandler
                0x0000000008001b3c                TIM2_IRQHandler
                0x0000000008001b3c                OTG_FS_WKUP_IRQHandler
                0x0000000008001b3c                TIM1_TRG_COM_TIM11_IRQHandler
                0x0000000008001b3c                OTG_HS_IRQHandler
                0x0000000008001b3c                EXTI1_IRQHandler
                0x0000000008001b3c                USART2_IRQHandler
                0x0000000008001b3c                I2C2_ER_IRQHandler
                0x0000000008001b3c                DMA2_Stream1_IRQHandler
                0x0000000008001b3c                CAN1_SCE_IRQHandler
                0x0000000008001b3c                FLASH_IRQHandler
                0x0000000008001b3c                DMA2_Stream4_IRQHandler
                0x0000000008001b3c                USART1_IRQHandler
                0x0000000008001b3c                OTG_FS_IRQHandler
                0x0000000008001b3c                SPI3_IRQHandler
                0x0000000008001b3c                DMA1_Stream4_IRQHandler
                0x0000000008001b3c                I2C1_ER_IRQHandler
                0x0000000008001b3c                FMC_IRQHandler
                0x0000000008001b3c                DMA2_Stream6_IRQHandler
                0x0000000008001b3c                SAI1_IRQHandler
                0x0000000008001b3c                DMA1_Stream3_IRQHandler
 *fill*         0x0000000008001b3e        0x2 
 .text.HAL_Init
                0x0000000008001b40       0x44 ./Drivers/STM32F4xx_HAL_Driver/Src/stm32f4xx_hal.o
                0x0000000008001b40                HAL_Init
 .text.HAL_InitTick
                0x0000000008001b84       0x60 ./Drivers/STM32F4xx_HAL_Driver/Src/stm32f4xx_hal.o
                0x0000000008001b84                HAL_InitTick
 .text.HAL_IncTick
                0x0000000008001be4       0x28 ./Drivers/STM32F4xx_HAL_Driver/Src/stm32f4xx_hal.o
                0x0000000008001be4                HAL_IncTick
 .text.HAL_GetTick
                0x0000000008001c0c       0x18 ./Drivers/STM32F4xx_HAL_Driver/Src/stm32f4xx_hal.o
                0x0000000008001c0c                HAL_GetTick
 .text.HAL_Delay
                0x0000000008001c24       0x48 ./Drivers/STM32F4xx_HAL_Driver/Src/stm32f4xx_hal.o
                0x0000000008001c24                HAL_Delay
 .text.HAL_CAN_Init
                0x0000000008001c6c      0x1f6 ./Drivers/STM32F4xx_HAL_Driver/Src/stm32f4xx_hal_can.o
                0x0000000008001c6c                HAL_CAN_Init
 *fill*         0x0000000008001e62        0x2 
 .text.HAL_CAN_ConfigFilter
                0x0000000008001e64      0x1c0 ./Drivers/STM32F4xx_HAL_Driver/Src/stm32f4xx_hal_can.o
                0x0000000008001e64                HAL_CAN_ConfigFilter
 .text.HAL_CAN_Start
                0x0000000008002024       0x88 ./Drivers/STM32F4xx_HAL_Driver/Src/stm32f4xx_hal_can.o
                0x0000000008002024                HAL_CAN_Start
 .text.HAL_CAN_AddTxMessage
                0x00000000080020ac      0x1b6 ./Drivers/STM32F4xx_HAL_Driver/Src/stm32f4xx_hal_can.o
                0x00000000080020ac                HAL_CAN_AddTxMessage
 .text.HAL_CAN_GetRxMessage
                0x0000000008002262      0x224 ./Drivers/STM32F4xx_HAL_Driver/Src/stm32f4xx_hal_can.o
                0x0000000008002262                HAL_CAN_GetRxMessage
 .text.HAL_CAN_ActivateNotification
                0x0000000008002486       0x4c ./Drivers/STM32F4xx_HAL_Driver/Src/stm32f4xx_hal_can.o
                0x0000000008002486                HAL_CAN_ActivateNotification
 .text.HAL_CAN_IRQHandler
                0x00000000080024d2      0x36e ./Drivers/STM32F4xx_HAL_Driver/Src/stm32f4xx_hal_can.o
                0x00000000080024d2                HAL_CAN_IRQHandler
 .text.HAL_CAN_TxMailbox0CompleteCallback
                0x0000000008002840       0x14 ./Drivers/STM32F4xx_HAL_Driver/Src/stm32f4xx_hal_can.o
                0x0000000008002840                HAL_CAN_TxMailbox0CompleteCallback
 .text.HAL_CAN_TxMailbox1CompleteCallback
                0x0000000008002854       0x14 ./Drivers/STM32F4xx_HAL_Driver/Src/stm32f4xx_hal_can.o
                0x0000000008002854                HAL_CAN_TxMailbox1CompleteCallback
 .text.HAL_CAN_TxMailbox2CompleteCallback
                0x0000000008002868       0x14 ./Drivers/STM32F4xx_HAL_Driver/Src/stm32f4xx_hal_can.o
                0x0000000008002868                HAL_CAN_TxMailbox2CompleteCallback
 .text.HAL_CAN_TxMailbox0AbortCallback
                0x000000000800287c       0x14 ./Drivers/STM32F4xx_HAL_Driver/Src/stm32f4xx_hal_can.o
                0x000000000800287c                HAL_CAN_TxMailbox0AbortCallback
 .text.HAL_CAN_TxMailbox1AbortCallback
                0x0000000008002890       0x14 ./Drivers/STM32F4xx_HAL_Driver/Src/stm32f4xx_hal_can.o
                0x0000000008002890                HAL_CAN_TxMailbox1AbortCallback
 .text.HAL_CAN_TxMailbox2AbortCallback
                0x00000000080028a4       0x14 ./Drivers/STM32F4xx_HAL_Driver/Src/stm32f4xx_hal_can.o
                0x00000000080028a4                HAL_CAN_TxMailbox2AbortCallback
 .text.HAL_CAN_RxFifo0FullCallback
                0x00000000080028b8       0x14 ./Drivers/STM32F4xx_HAL_Driver/Src/stm32f4xx_hal_can.o
                0x00000000080028b8                HAL_CAN_RxFifo0FullCallback
 .text.HAL_CAN_RxFifo1MsgPendingCallback
                0x00000000080028cc       0x14 ./Drivers/STM32F4xx_HAL_Driver/Src/stm32f4xx_hal_can.o
                0x00000000080028cc                HAL_CAN_RxFifo1MsgPendingCallback
 .text.HAL_CAN_RxFifo1FullCallback
                0x00000000080028e0       0x14 ./Drivers/STM32F4xx_HAL_Driver/Src/stm32f4xx_hal_can.o
                0x00000000080028e0                HAL_CAN_RxFifo1FullCallback
 .text.HAL_CAN_SleepCallback
                0x00000000080028f4       0x14 ./Drivers/STM32F4xx_HAL_Driver/Src/stm32f4xx_hal_can.o
                0x00000000080028f4                HAL_CAN_SleepCallback
 .text.HAL_CAN_WakeUpFromRxMsgCallback
                0x0000000008002908       0x14 ./Drivers/STM32F4xx_HAL_Driver/Src/stm32f4xx_hal_can.o
                0x0000000008002908                HAL_CAN_WakeUpFromRxMsgCallback
 .text.HAL_CAN_ErrorCallback
                0x000000000800291c       0x14 ./Drivers/STM32F4xx_HAL_Driver/Src/stm32f4xx_hal_can.o
                0x000000000800291c                HAL_CAN_ErrorCallback
 .text.__NVIC_SetPriorityGrouping
                0x0000000008002930       0x48 ./Drivers/STM32F4xx_HAL_Driver/Src/stm32f4xx_hal_cortex.o
 .text.__NVIC_GetPriorityGrouping
                0x0000000008002978       0x1c ./Drivers/STM32F4xx_HAL_Driver/Src/stm32f4xx_hal_cortex.o
 .text.__NVIC_EnableIRQ
                0x0000000008002994       0x3c ./Drivers/STM32F4xx_HAL_Driver/Src/stm32f4xx_hal_cortex.o
 .text.__NVIC_SetPriority
                0x00000000080029d0       0x54 ./Drivers/STM32F4xx_HAL_Driver/Src/stm32f4xx_hal_cortex.o
 .text.NVIC_EncodePriority
                0x0000000008002a24       0x66 ./Drivers/STM32F4xx_HAL_Driver/Src/stm32f4xx_hal_cortex.o
 *fill*         0x0000000008002a8a        0x2 
 .text.SysTick_Config
                0x0000000008002a8c       0x44 ./Drivers/STM32F4xx_HAL_Driver/Src/stm32f4xx_hal_cortex.o
 .text.HAL_NVIC_SetPriorityGrouping
                0x0000000008002ad0       0x16 ./Drivers/STM32F4xx_HAL_Driver/Src/stm32f4xx_hal_cortex.o
                0x0000000008002ad0                HAL_NVIC_SetPriorityGrouping
 .text.HAL_NVIC_SetPriority
                0x0000000008002ae6       0x38 ./Drivers/STM32F4xx_HAL_Driver/Src/stm32f4xx_hal_cortex.o
                0x0000000008002ae6                HAL_NVIC_SetPriority
 .text.HAL_NVIC_EnableIRQ
                0x0000000008002b1e       0x1c ./Drivers/STM32F4xx_HAL_Driver/Src/stm32f4xx_hal_cortex.o
                0x0000000008002b1e                HAL_NVIC_EnableIRQ
 .text.HAL_SYSTICK_Config
                0x0000000008002b3a       0x18 ./Drivers/STM32F4xx_HAL_Driver/Src/stm32f4xx_hal_cortex.o
                0x0000000008002b3a                HAL_SYSTICK_Config
 .text.HAL_DMA_Abort_IT
                0x0000000008002b52       0x44 ./Drivers/STM32F4xx_HAL_Driver/Src/stm32f4xx_hal_dma.o
                0x0000000008002b52                HAL_DMA_Abort_IT
 *fill*         0x0000000008002b96        0x2 
 .text.HAL_GPIO_Init
                0x0000000008002b98      0x328 ./Drivers/STM32F4xx_HAL_Driver/Src/stm32f4xx_hal_gpio.o
                0x0000000008002b98                HAL_GPIO_Init
 .text.HAL_GPIO_WritePin
                0x0000000008002ec0       0x32 ./Drivers/STM32F4xx_HAL_Driver/Src/stm32f4xx_hal_gpio.o
                0x0000000008002ec0                HAL_GPIO_WritePin
 .text.HAL_GPIO_TogglePin
                0x0000000008002ef2       0x34 ./Drivers/STM32F4xx_HAL_Driver/Src/stm32f4xx_hal_gpio.o
                0x0000000008002ef2                HAL_GPIO_TogglePin
 *fill*         0x0000000008002f26        0x2 
 .text.HAL_PWREx_EnableOverDrive
                0x0000000008002f28       0xa0 ./Drivers/STM32F4xx_HAL_Driver/Src/stm32f4xx_hal_pwr_ex.o
                0x0000000008002f28                HAL_PWREx_EnableOverDrive
 .text.HAL_RCC_ClockConfig
                0x0000000008002fc8      0x1cc ./Drivers/STM32F4xx_HAL_Driver/Src/stm32f4xx_hal_rcc.o
                0x0000000008002fc8                HAL_RCC_ClockConfig
 .text.HAL_RCC_GetHCLKFreq
                0x0000000008003194       0x18 ./Drivers/STM32F4xx_HAL_Driver/Src/stm32f4xx_hal_rcc.o
                0x0000000008003194                HAL_RCC_GetHCLKFreq
 .text.HAL_RCC_GetPCLK1Freq
                0x00000000080031ac       0x28 ./Drivers/STM32F4xx_HAL_Driver/Src/stm32f4xx_hal_rcc.o
                0x00000000080031ac                HAL_RCC_GetPCLK1Freq
 .text.HAL_RCC_GetPCLK2Freq
                0x00000000080031d4       0x28 ./Drivers/STM32F4xx_HAL_Driver/Src/stm32f4xx_hal_rcc.o
                0x00000000080031d4                HAL_RCC_GetPCLK2Freq
 .text.HAL_RCC_GetSysClockFreq
                0x00000000080031fc      0x460 ./Drivers/STM32F4xx_HAL_Driver/Src/stm32f4xx_hal_rcc_ex.o
                0x00000000080031fc                HAL_RCC_GetSysClockFreq
 .text.HAL_RCC_OscConfig
                0x000000000800365c      0x53c ./Drivers/STM32F4xx_HAL_Driver/Src/stm32f4xx_hal_rcc_ex.o
                0x000000000800365c                HAL_RCC_OscConfig
 .text.HAL_SPI_Init
                0x0000000008003b98      0x112 ./Drivers/STM32F4xx_HAL_Driver/Src/stm32f4xx_hal_spi.o
                0x0000000008003b98                HAL_SPI_Init
 *fill*         0x0000000008003caa        0x2 
 .text.HAL_SPI_Receive_IT
                0x0000000008003cac      0x13c ./Drivers/STM32F4xx_HAL_Driver/Src/stm32f4xx_hal_spi.o
                0x0000000008003cac                HAL_SPI_Receive_IT
 .text.HAL_SPI_TransmitReceive_IT
                0x0000000008003de8      0x128 ./Drivers/STM32F4xx_HAL_Driver/Src/stm32f4xx_hal_spi.o
                0x0000000008003de8                HAL_SPI_TransmitReceive_IT
 .text.HAL_SPI_IRQHandler
                0x0000000008003f10      0x200 ./Drivers/STM32F4xx_HAL_Driver/Src/stm32f4xx_hal_spi.o
                0x0000000008003f10                HAL_SPI_IRQHandler
 .text.HAL_SPI_TxRxCpltCallback
                0x0000000008004110       0x14 ./Drivers/STM32F4xx_HAL_Driver/Src/stm32f4xx_hal_spi.o
                0x0000000008004110                HAL_SPI_TxRxCpltCallback
 .text.HAL_SPI_ErrorCallback
                0x0000000008004124       0x14 ./Drivers/STM32F4xx_HAL_Driver/Src/stm32f4xx_hal_spi.o
                0x0000000008004124                HAL_SPI_ErrorCallback
 .text.HAL_SPI_GetState
                0x0000000008004138       0x1c ./Drivers/STM32F4xx_HAL_Driver/Src/stm32f4xx_hal_spi.o
                0x0000000008004138                HAL_SPI_GetState
 .text.SPI_DMAAbortOnError
                0x0000000008004154       0x28 ./Drivers/STM32F4xx_HAL_Driver/Src/stm32f4xx_hal_spi.o
 .text.SPI_2linesRxISR_8BIT
                0x000000000800417c       0x64 ./Drivers/STM32F4xx_HAL_Driver/Src/stm32f4xx_hal_spi.o
 .text.SPI_2linesTxISR_8BIT
                0x00000000080041e0       0x60 ./Drivers/STM32F4xx_HAL_Driver/Src/stm32f4xx_hal_spi.o
 .text.SPI_2linesRxISR_16BIT
                0x0000000008004240       0x60 ./Drivers/STM32F4xx_HAL_Driver/Src/stm32f4xx_hal_spi.o
 .text.SPI_2linesTxISR_16BIT
                0x00000000080042a0       0x5e ./Drivers/STM32F4xx_HAL_Driver/Src/stm32f4xx_hal_spi.o
 .text.SPI_RxISR_8BIT
                0x00000000080042fe       0x4a ./Drivers/STM32F4xx_HAL_Driver/Src/stm32f4xx_hal_spi.o
 .text.SPI_RxISR_16BIT
                0x0000000008004348       0x46 ./Drivers/STM32F4xx_HAL_Driver/Src/stm32f4xx_hal_spi.o
 *fill*         0x000000000800438e        0x2 
 .text.SPI_WaitFlagStateUntilTimeout
                0x0000000008004390      0x110 ./Drivers/STM32F4xx_HAL_Driver/Src/stm32f4xx_hal_spi.o
 .text.SPI_EndRxTransaction
                0x00000000080044a0       0xca ./Drivers/STM32F4xx_HAL_Driver/Src/stm32f4xx_hal_spi.o
 *fill*         0x000000000800456a        0x2 
 .text.SPI_EndRxTxTransaction
                0x000000000800456c       0x84 ./Drivers/STM32F4xx_HAL_Driver/Src/stm32f4xx_hal_spi.o
 .text.SPI_CloseRxTx_ISR
                0x00000000080045f0       0xe8 ./Drivers/STM32F4xx_HAL_Driver/Src/stm32f4xx_hal_spi.o
 .text.SPI_CloseRx_ISR
                0x00000000080046d8       0x7e ./Drivers/STM32F4xx_HAL_Driver/Src/stm32f4xx_hal_spi.o
 .text.HAL_UART_Init
                0x0000000008004756       0x9a ./Drivers/STM32F4xx_HAL_Driver/Src/stm32f4xx_hal_uart.o
                0x0000000008004756                HAL_UART_Init
 .text.UART_SetConfig
                0x00000000080047f0      0x4e8 ./Drivers/STM32F4xx_HAL_Driver/Src/stm32f4xx_hal_uart.o
 .text.__libc_init_array
                0x0000000008004cd8       0x48 c:/st/stm32cubeide_1.10.1/stm32cubeide/plugins/com.st.stm32cube.ide.mcu.externaltools.gnu-tools-for-stm32.10.3-2021.10.win32_1.0.0.202111181127/tools/bin/../lib/gcc/arm-none-eabi/10.3.1/../../../../arm-none-eabi/lib/thumb/v7e-m+fp/hard\libc_nano.a(lib_a-init.o)
                0x0000000008004cd8                __libc_init_array
 .text.memset   0x0000000008004d20       0x10 c:/st/stm32cubeide_1.10.1/stm32cubeide/plugins/com.st.stm32cube.ide.mcu.externaltools.gnu-tools-for-stm32.10.3-2021.10.win32_1.0.0.202111181127/tools/bin/../lib/gcc/arm-none-eabi/10.3.1/../../../../arm-none-eabi/lib/thumb/v7e-m+fp/hard\libc_nano.a(lib_a-memset.o)
                0x0000000008004d20                memset
 *(.glue_7)
 .glue_7        0x0000000008004d30        0x0 linker stubs
 *(.glue_7t)
 .glue_7t       0x0000000008004d30        0x0 linker stubs
 *(.eh_frame)
 .eh_frame      0x0000000008004d30        0x0 c:/st/stm32cubeide_1.10.1/stm32cubeide/plugins/com.st.stm32cube.ide.mcu.externaltools.gnu-tools-for-stm32.10.3-2021.10.win32_1.0.0.202111181127/tools/bin/../lib/gcc/arm-none-eabi/10.3.1/thumb/v7e-m+fp/hard/crtbegin.o
 *(.init)
 .init          0x0000000008004d30        0x4 c:/st/stm32cubeide_1.10.1/stm32cubeide/plugins/com.st.stm32cube.ide.mcu.externaltools.gnu-tools-for-stm32.10.3-2021.10.win32_1.0.0.202111181127/tools/bin/../lib/gcc/arm-none-eabi/10.3.1/thumb/v7e-m+fp/hard/crti.o
                0x0000000008004d30                _init
 .init          0x0000000008004d34        0x8 c:/st/stm32cubeide_1.10.1/stm32cubeide/plugins/com.st.stm32cube.ide.mcu.externaltools.gnu-tools-for-stm32.10.3-2021.10.win32_1.0.0.202111181127/tools/bin/../lib/gcc/arm-none-eabi/10.3.1/thumb/v7e-m+fp/hard/crtn.o
 *(.fini)
 .fini          0x0000000008004d3c        0x4 c:/st/stm32cubeide_1.10.1/stm32cubeide/plugins/com.st.stm32cube.ide.mcu.externaltools.gnu-tools-for-stm32.10.3-2021.10.win32_1.0.0.202111181127/tools/bin/../lib/gcc/arm-none-eabi/10.3.1/thumb/v7e-m+fp/hard/crti.o
                0x0000000008004d3c                _fini
 .fini          0x0000000008004d40        0x8 c:/st/stm32cubeide_1.10.1/stm32cubeide/plugins/com.st.stm32cube.ide.mcu.externaltools.gnu-tools-for-stm32.10.3-2021.10.win32_1.0.0.202111181127/tools/bin/../lib/gcc/arm-none-eabi/10.3.1/thumb/v7e-m+fp/hard/crtn.o
                0x0000000008004d48                . = ALIGN (0x4)
                0x0000000008004d48                _etext = .

.vfp11_veneer   0x0000000008004d48        0x0
 .vfp11_veneer  0x0000000008004d48        0x0 linker stubs

.v4_bx          0x0000000008004d48        0x0
 .v4_bx         0x0000000008004d48        0x0 linker stubs

.iplt           0x0000000008004d48        0x0
 .iplt          0x0000000008004d48        0x0 c:/st/stm32cubeide_1.10.1/stm32cubeide/plugins/com.st.stm32cube.ide.mcu.externaltools.gnu-tools-for-stm32.10.3-2021.10.win32_1.0.0.202111181127/tools/bin/../lib/gcc/arm-none-eabi/10.3.1/thumb/v7e-m+fp/hard/crtbegin.o

.rodata         0x0000000008004d48       0x18
                0x0000000008004d48                . = ALIGN (0x4)
 *(.rodata)
 *(.rodata*)
 .rodata.AHBPrescTable
                0x0000000008004d48       0x10 ./Core/Src/system_stm32f4xx.o
                0x0000000008004d48                AHBPrescTable
 .rodata.APBPrescTable
                0x0000000008004d58        0x8 ./Core/Src/system_stm32f4xx.o
                0x0000000008004d58                APBPrescTable
                0x0000000008004d60                . = ALIGN (0x4)

.ARM.extab      0x0000000008004d60        0x0
                0x0000000008004d60                . = ALIGN (0x4)
 *(.ARM.extab* .gnu.linkonce.armextab.*)
                0x0000000008004d60                . = ALIGN (0x4)

.ARM            0x0000000008004d60        0x8
                0x0000000008004d60                . = ALIGN (0x4)
                0x0000000008004d60                __exidx_start = .
 *(.ARM.exidx*)
 .ARM.exidx     0x0000000008004d60        0x8 c:/st/stm32cubeide_1.10.1/stm32cubeide/plugins/com.st.stm32cube.ide.mcu.externaltools.gnu-tools-for-stm32.10.3-2021.10.win32_1.0.0.202111181127/tools/bin/../lib/gcc/arm-none-eabi/10.3.1/thumb/v7e-m+fp/hard\libgcc.a(_udivmoddi4.o)
                0x0000000008004d68                __exidx_end = .
                0x0000000008004d68                . = ALIGN (0x4)

.rel.dyn        0x0000000008004d68        0x0
 .rel.iplt      0x0000000008004d68        0x0 c:/st/stm32cubeide_1.10.1/stm32cubeide/plugins/com.st.stm32cube.ide.mcu.externaltools.gnu-tools-for-stm32.10.3-2021.10.win32_1.0.0.202111181127/tools/bin/../lib/gcc/arm-none-eabi/10.3.1/thumb/v7e-m+fp/hard/crtbegin.o

.preinit_array  0x0000000008004d68        0x0
                0x0000000008004d68                . = ALIGN (0x4)
                0x0000000008004d68                PROVIDE (__preinit_array_start = .)
 *(.preinit_array*)
                0x0000000008004d68                PROVIDE (__preinit_array_end = .)
                0x0000000008004d68                . = ALIGN (0x4)

.init_array     0x0000000008004d68        0x4
                0x0000000008004d68                . = ALIGN (0x4)
                0x0000000008004d68                PROVIDE (__init_array_start = .)
 *(SORT_BY_NAME(.init_array.*))
 *(.init_array*)
 .init_array    0x0000000008004d68        0x4 c:/st/stm32cubeide_1.10.1/stm32cubeide/plugins/com.st.stm32cube.ide.mcu.externaltools.gnu-tools-for-stm32.10.3-2021.10.win32_1.0.0.202111181127/tools/bin/../lib/gcc/arm-none-eabi/10.3.1/thumb/v7e-m+fp/hard/crtbegin.o
                0x0000000008004d6c                PROVIDE (__init_array_end = .)
                0x0000000008004d6c                . = ALIGN (0x4)

.fini_array     0x0000000008004d6c        0x4
                0x0000000008004d6c                . = ALIGN (0x4)
                [!provide]                        PROVIDE (__fini_array_start = .)
 *(SORT_BY_NAME(.fini_array.*))
 *(.fini_array*)
 .fini_array    0x0000000008004d6c        0x4 c:/st/stm32cubeide_1.10.1/stm32cubeide/plugins/com.st.stm32cube.ide.mcu.externaltools.gnu-tools-for-stm32.10.3-2021.10.win32_1.0.0.202111181127/tools/bin/../lib/gcc/arm-none-eabi/10.3.1/thumb/v7e-m+fp/hard/crtbegin.o
                [!provide]                        PROVIDE (__fini_array_end = .)
                0x0000000008004d70                . = ALIGN (0x4)
                0x0000000008004d70                _sidata = LOADADDR (.data)

.data           0x0000000020000000       0x10 load address 0x0000000008004d70
                0x0000000020000000                . = ALIGN (0x4)
                0x0000000020000000                _sdata = .
 *(.data)
 *(.data*)
 .data.dt       0x0000000020000000        0x4 ./Core/Src/main.o
                0x0000000020000000                dt
 .data.SystemCoreClock
                0x0000000020000004        0x4 ./Core/Src/system_stm32f4xx.o
                0x0000000020000004                SystemCoreClock
 .data.uwTickPrio
                0x0000000020000008        0x4 ./Drivers/STM32F4xx_HAL_Driver/Src/stm32f4xx_hal.o
                0x0000000020000008                uwTickPrio
 .data.uwTickFreq
                0x000000002000000c        0x1 ./Drivers/STM32F4xx_HAL_Driver/Src/stm32f4xx_hal.o
                0x000000002000000c                uwTickFreq
 *(.RamFunc)
 *(.RamFunc*)
                0x0000000020000010                . = ALIGN (0x4)
 *fill*         0x000000002000000d        0x3 
                0x0000000020000010                _edata = .

.igot.plt       0x0000000020000010        0x0 load address 0x0000000008004d80
 .igot.plt      0x0000000020000010        0x0 c:/st/stm32cubeide_1.10.1/stm32cubeide/plugins/com.st.stm32cube.ide.mcu.externaltools.gnu-tools-for-stm32.10.3-2021.10.win32_1.0.0.202111181127/tools/bin/../lib/gcc/arm-none-eabi/10.3.1/thumb/v7e-m+fp/hard/crtbegin.o
                0x0000000020000010                . = ALIGN (0x4)

.bss            0x0000000020000010      0x22c load address 0x0000000008004d80
                0x0000000020000010                _sbss = .
                0x0000000020000010                __bss_start__ = _sbss
 *(.bss)
 .bss           0x0000000020000010       0x1c c:/st/stm32cubeide_1.10.1/stm32cubeide/plugins/com.st.stm32cube.ide.mcu.externaltools.gnu-tools-for-stm32.10.3-2021.10.win32_1.0.0.202111181127/tools/bin/../lib/gcc/arm-none-eabi/10.3.1/thumb/v7e-m+fp/hard/crtbegin.o
 *(.bss*)
 .bss.hcan1     0x000000002000002c       0x28 ./Core/Src/can.o
                0x000000002000002c                hcan1
 .bss.loop_count
                0x0000000020000054        0x4 ./Core/Src/main.o
                0x0000000020000054                loop_count
 .bss.last_spi_msg
                0x0000000020000058        0x4 ./Core/Src/main.o
                0x0000000020000058                last_spi_msg
 .bss.TxHeader  0x000000002000005c       0x18 ./Core/Src/main.o
                0x000000002000005c                TxHeader
 .bss.RxHeader  0x0000000020000074       0x1c ./Core/Src/main.o
                0x0000000020000074                RxHeader
 .bss.TxMailbox
                0x0000000020000090        0x4 ./Core/Src/main.o
                0x0000000020000090                TxMailbox
 .bss.TxData    0x0000000020000094        0x8 ./Core/Src/main.o
                0x0000000020000094                TxData
 .bss.RxData    0x000000002000009c        0x8 ./Core/Src/main.o
                0x000000002000009c                RxData
 .bss.count     0x00000000200000a4        0x4 ./Core/Src/main.o
                0x00000000200000a4                count
 .bss.motor1    0x00000000200000a8       0x38 ./Core/Src/main.o
                0x00000000200000a8                motor1
 .bss.motor2    0x00000000200000e0       0x38 ./Core/Src/main.o
                0x00000000200000e0                motor2
 .bss.motor3    0x0000000020000118       0x38 ./Core/Src/main.o
                0x0000000020000118                motor3
 .bss.motor4    0x0000000020000150       0x38 ./Core/Src/main.o
                0x0000000020000150                motor4
 .bss.vel_targ  0x0000000020000188        0x8 ./Core/Src/main.o
                0x0000000020000188                vel_targ
 .bss.spi_buf   0x0000000020000190        0x8 ./Core/Src/main.o
                0x0000000020000190                spi_buf
 .bss.spi_state
                0x0000000020000198        0x1 ./Core/Src/main.o
                0x0000000020000198                spi_state
 *fill*         0x0000000020000199        0x3 
 .bss.hspi2     0x000000002000019c       0x58 ./Core/Src/spi.o
                0x000000002000019c                hspi2
 .bss.huart2    0x00000000200001f4       0x44 ./Core/Src/usart.o
                0x00000000200001f4                huart2
 .bss.uwTick    0x0000000020000238        0x4 ./Drivers/STM32F4xx_HAL_Driver/Src/stm32f4xx_hal.o
                0x0000000020000238                uwTick
 *(COMMON)
                0x000000002000023c                . = ALIGN (0x4)
                0x000000002000023c                _ebss = .
                0x000000002000023c                __bss_end__ = _ebss

._user_heap_stack
                0x000000002000023c      0x604 load address 0x0000000008004d80
                0x0000000020000240                . = ALIGN (0x8)
 *fill*         0x000000002000023c        0x4 
                [!provide]                        PROVIDE (end = .)
                0x0000000020000240                PROVIDE (_end = .)
                0x0000000020000440                . = (. + _Min_Heap_Size)
 *fill*         0x0000000020000240      0x200 
                0x0000000020000840                . = (. + _Min_Stack_Size)
 *fill*         0x0000000020000440      0x400 
                0x0000000020000840                . = ALIGN (0x8)

/DISCARD/
 libc.a(*)
 libm.a(*)
 libgcc.a(*)

.ARM.attributes
                0x0000000000000000       0x30
 *(.ARM.attributes)
 .ARM.attributes
                0x0000000000000000       0x1e c:/st/stm32cubeide_1.10.1/stm32cubeide/plugins/com.st.stm32cube.ide.mcu.externaltools.gnu-tools-for-stm32.10.3-2021.10.win32_1.0.0.202111181127/tools/bin/../lib/gcc/arm-none-eabi/10.3.1/thumb/v7e-m+fp/hard/crti.o
 .ARM.attributes
                0x000000000000001e       0x34 c:/st/stm32cubeide_1.10.1/stm32cubeide/plugins/com.st.stm32cube.ide.mcu.externaltools.gnu-tools-for-stm32.10.3-2021.10.win32_1.0.0.202111181127/tools/bin/../lib/gcc/arm-none-eabi/10.3.1/thumb/v7e-m+fp/hard/crtbegin.o
 .ARM.attributes
                0x0000000000000052       0x34 ./Core/Src/can.o
 .ARM.attributes
                0x0000000000000086       0x34 ./Core/Src/gpio.o
 .ARM.attributes
                0x00000000000000ba       0x34 ./Core/Src/main.o
 .ARM.attributes
                0x00000000000000ee       0x34 ./Core/Src/motor.o
 .ARM.attributes
                0x0000000000000122       0x34 ./Core/Src/spi.o
 .ARM.attributes
                0x0000000000000156       0x34 ./Core/Src/stm32f4xx_hal_msp.o
 .ARM.attributes
                0x000000000000018a       0x34 ./Core/Src/stm32f4xx_it.o
 .ARM.attributes
                0x00000000000001be       0x34 ./Core/Src/system_stm32f4xx.o
 .ARM.attributes
                0x00000000000001f2       0x34 ./Core/Src/usart.o
 .ARM.attributes
                0x0000000000000226       0x21 ./Core/Startup/startup_stm32f446retx.o
 .ARM.attributes
                0x0000000000000247       0x34 ./Drivers/STM32F4xx_HAL_Driver/Src/stm32f4xx_hal.o
 .ARM.attributes
                0x000000000000027b       0x34 ./Drivers/STM32F4xx_HAL_Driver/Src/stm32f4xx_hal_can.o
 .ARM.attributes
                0x00000000000002af       0x34 ./Drivers/STM32F4xx_HAL_Driver/Src/stm32f4xx_hal_cortex.o
 .ARM.attributes
                0x00000000000002e3       0x34 ./Drivers/STM32F4xx_HAL_Driver/Src/stm32f4xx_hal_dma.o
 .ARM.attributes
                0x0000000000000317       0x34 ./Drivers/STM32F4xx_HAL_Driver/Src/stm32f4xx_hal_gpio.o
 .ARM.attributes
                0x000000000000034b       0x34 ./Drivers/STM32F4xx_HAL_Driver/Src/stm32f4xx_hal_pwr_ex.o
 .ARM.attributes
                0x000000000000037f       0x34 ./Drivers/STM32F4xx_HAL_Driver/Src/stm32f4xx_hal_rcc.o
 .ARM.attributes
                0x00000000000003b3       0x34 ./Drivers/STM32F4xx_HAL_Driver/Src/stm32f4xx_hal_rcc_ex.o
 .ARM.attributes
                0x00000000000003e7       0x34 ./Drivers/STM32F4xx_HAL_Driver/Src/stm32f4xx_hal_spi.o
 .ARM.attributes
                0x000000000000041b       0x34 ./Drivers/STM32F4xx_HAL_Driver/Src/stm32f4xx_hal_uart.o
 .ARM.attributes
                0x000000000000044f       0x34 c:/st/stm32cubeide_1.10.1/stm32cubeide/plugins/com.st.stm32cube.ide.mcu.externaltools.gnu-tools-for-stm32.10.3-2021.10.win32_1.0.0.202111181127/tools/bin/../lib/gcc/arm-none-eabi/10.3.1/../../../../arm-none-eabi/lib/thumb/v7e-m+fp/hard\libc_nano.a(lib_a-init.o)
 .ARM.attributes
                0x0000000000000483       0x34 c:/st/stm32cubeide_1.10.1/stm32cubeide/plugins/com.st.stm32cube.ide.mcu.externaltools.gnu-tools-for-stm32.10.3-2021.10.win32_1.0.0.202111181127/tools/bin/../lib/gcc/arm-none-eabi/10.3.1/../../../../arm-none-eabi/lib/thumb/v7e-m+fp/hard\libc_nano.a(lib_a-memset.o)
 .ARM.attributes
                0x00000000000004b7       0x1e c:/st/stm32cubeide_1.10.1/stm32cubeide/plugins/com.st.stm32cube.ide.mcu.externaltools.gnu-tools-for-stm32.10.3-2021.10.win32_1.0.0.202111181127/tools/bin/../lib/gcc/arm-none-eabi/10.3.1/thumb/v7e-m+fp/hard\libgcc.a(_arm_addsubdf3.o)
 .ARM.attributes
                0x00000000000004d5       0x1e c:/st/stm32cubeide_1.10.1/stm32cubeide/plugins/com.st.stm32cube.ide.mcu.externaltools.gnu-tools-for-stm32.10.3-2021.10.win32_1.0.0.202111181127/tools/bin/../lib/gcc/arm-none-eabi/10.3.1/thumb/v7e-m+fp/hard\libgcc.a(_arm_muldivdf3.o)
 .ARM.attributes
                0x00000000000004f3       0x1e c:/st/stm32cubeide_1.10.1/stm32cubeide/plugins/com.st.stm32cube.ide.mcu.externaltools.gnu-tools-for-stm32.10.3-2021.10.win32_1.0.0.202111181127/tools/bin/../lib/gcc/arm-none-eabi/10.3.1/thumb/v7e-m+fp/hard\libgcc.a(_arm_fixdfsi.o)
 .ARM.attributes
                0x0000000000000511       0x1e c:/st/stm32cubeide_1.10.1/stm32cubeide/plugins/com.st.stm32cube.ide.mcu.externaltools.gnu-tools-for-stm32.10.3-2021.10.win32_1.0.0.202111181127/tools/bin/../lib/gcc/arm-none-eabi/10.3.1/thumb/v7e-m+fp/hard\libgcc.a(_aeabi_uldivmod.o)
 .ARM.attributes
                0x000000000000052f       0x34 c:/st/stm32cubeide_1.10.1/stm32cubeide/plugins/com.st.stm32cube.ide.mcu.externaltools.gnu-tools-for-stm32.10.3-2021.10.win32_1.0.0.202111181127/tools/bin/../lib/gcc/arm-none-eabi/10.3.1/thumb/v7e-m+fp/hard\libgcc.a(_udivmoddi4.o)
 .ARM.attributes
                0x0000000000000563       0x1e c:/st/stm32cubeide_1.10.1/stm32cubeide/plugins/com.st.stm32cube.ide.mcu.externaltools.gnu-tools-for-stm32.10.3-2021.10.win32_1.0.0.202111181127/tools/bin/../lib/gcc/arm-none-eabi/10.3.1/thumb/v7e-m+fp/hard\libgcc.a(_dvmd_tls.o)
 .ARM.attributes
                0x0000000000000581       0x1e c:/st/stm32cubeide_1.10.1/stm32cubeide/plugins/com.st.stm32cube.ide.mcu.externaltools.gnu-tools-for-stm32.10.3-2021.10.win32_1.0.0.202111181127/tools/bin/../lib/gcc/arm-none-eabi/10.3.1/thumb/v7e-m+fp/hard/crtn.o
OUTPUT(Rover.elf elf32-littlearm)
LOAD linker stubs
LOAD c:/st/stm32cubeide_1.10.1/stm32cubeide/plugins/com.st.stm32cube.ide.mcu.externaltools.gnu-tools-for-stm32.10.3-2021.10.win32_1.0.0.202111181127/tools/bin/../lib/gcc/arm-none-eabi/10.3.1/../../../../arm-none-eabi/lib/thumb/v7e-m+fp/hard\libc.a
LOAD c:/st/stm32cubeide_1.10.1/stm32cubeide/plugins/com.st.stm32cube.ide.mcu.externaltools.gnu-tools-for-stm32.10.3-2021.10.win32_1.0.0.202111181127/tools/bin/../lib/gcc/arm-none-eabi/10.3.1/../../../../arm-none-eabi/lib/thumb/v7e-m+fp/hard\libm.a
LOAD c:/st/stm32cubeide_1.10.1/stm32cubeide/plugins/com.st.stm32cube.ide.mcu.externaltools.gnu-tools-for-stm32.10.3-2021.10.win32_1.0.0.202111181127/tools/bin/../lib/gcc/arm-none-eabi/10.3.1/thumb/v7e-m+fp/hard\libgcc.a

.debug_info     0x0000000000000000    0x10896
 .debug_info    0x0000000000000000      0xb89 ./Core/Src/can.o
 .debug_info    0x0000000000000b89      0x4a9 ./Core/Src/gpio.o
 .debug_info    0x0000000000001032     0x2e63 ./Core/Src/main.o
 .debug_info    0x0000000000003e95      0x3b3 ./Core/Src/motor.o
 .debug_info    0x0000000000004248      0xcb5 ./Core/Src/spi.o
 .debug_info    0x0000000000004efd      0x2f3 ./Core/Src/stm32f4xx_hal_msp.o
 .debug_info    0x00000000000051f0      0xac6 ./Core/Src/stm32f4xx_it.o
 .debug_info    0x0000000000005cb6      0x55b ./Core/Src/system_stm32f4xx.o
 .debug_info    0x0000000000006211      0x9d8 ./Core/Src/usart.o
 .debug_info    0x0000000000006be9       0x22 ./Core/Startup/startup_stm32f446retx.o
 .debug_info    0x0000000000006c0b      0x9d2 ./Drivers/STM32F4xx_HAL_Driver/Src/stm32f4xx_hal.o
 .debug_info    0x00000000000075dd      0xfc6 ./Drivers/STM32F4xx_HAL_Driver/Src/stm32f4xx_hal_can.o
 .debug_info    0x00000000000085a3      0xe39 ./Drivers/STM32F4xx_HAL_Driver/Src/stm32f4xx_hal_cortex.o
 .debug_info    0x00000000000093dc      0x94f ./Drivers/STM32F4xx_HAL_Driver/Src/stm32f4xx_hal_dma.o
 .debug_info    0x0000000000009d2b      0x7be ./Drivers/STM32F4xx_HAL_Driver/Src/stm32f4xx_hal_gpio.o
 .debug_info    0x000000000000a4e9      0x702 ./Drivers/STM32F4xx_HAL_Driver/Src/stm32f4xx_hal_pwr_ex.o
 .debug_info    0x000000000000abeb      0x9ab ./Drivers/STM32F4xx_HAL_Driver/Src/stm32f4xx_hal_rcc.o
 .debug_info    0x000000000000b596      0x9ec ./Drivers/STM32F4xx_HAL_Driver/Src/stm32f4xx_hal_rcc_ex.o
 .debug_info    0x000000000000bf82     0x1758 ./Drivers/STM32F4xx_HAL_Driver/Src/stm32f4xx_hal_spi.o
 .debug_info    0x000000000000d6da     0x31bc ./Drivers/STM32F4xx_HAL_Driver/Src/stm32f4xx_hal_uart.o

.debug_abbrev   0x0000000000000000     0x27e8
 .debug_abbrev  0x0000000000000000      0x21f ./Core/Src/can.o
 .debug_abbrev  0x000000000000021f      0x146 ./Core/Src/gpio.o
 .debug_abbrev  0x0000000000000365      0x40a ./Core/Src/main.o
 .debug_abbrev  0x000000000000076f      0x189 ./Core/Src/motor.o
 .debug_abbrev  0x00000000000008f8      0x1fe ./Core/Src/spi.o
 .debug_abbrev  0x0000000000000af6       0xf0 ./Core/Src/stm32f4xx_hal_msp.o
 .debug_abbrev  0x0000000000000be6      0x1b3 ./Core/Src/stm32f4xx_it.o
 .debug_abbrev  0x0000000000000d99      0x116 ./Core/Src/system_stm32f4xx.o
 .debug_abbrev  0x0000000000000eaf      0x1e7 ./Core/Src/usart.o
 .debug_abbrev  0x0000000000001096       0x12 ./Core/Startup/startup_stm32f446retx.o
 .debug_abbrev  0x00000000000010a8      0x20d ./Drivers/STM32F4xx_HAL_Driver/Src/stm32f4xx_hal.o
 .debug_abbrev  0x00000000000012b5      0x22e ./Drivers/STM32F4xx_HAL_Driver/Src/stm32f4xx_hal_can.o
 .debug_abbrev  0x00000000000014e3      0x316 ./Drivers/STM32F4xx_HAL_Driver/Src/stm32f4xx_hal_cortex.o
 .debug_abbrev  0x00000000000017f9      0x25b ./Drivers/STM32F4xx_HAL_Driver/Src/stm32f4xx_hal_dma.o
 .debug_abbrev  0x0000000000001a54      0x1c4 ./Drivers/STM32F4xx_HAL_Driver/Src/stm32f4xx_hal_gpio.o
 .debug_abbrev  0x0000000000001c18      0x1c9 ./Drivers/STM32F4xx_HAL_Driver/Src/stm32f4xx_hal_pwr_ex.o
 .debug_abbrev  0x0000000000001de1      0x2aa ./Drivers/STM32F4xx_HAL_Driver/Src/stm32f4xx_hal_rcc.o
 .debug_abbrev  0x000000000000208b      0x1fb ./Drivers/STM32F4xx_HAL_Driver/Src/stm32f4xx_hal_rcc_ex.o
 .debug_abbrev  0x0000000000002286      0x26e ./Drivers/STM32F4xx_HAL_Driver/Src/stm32f4xx_hal_spi.o
 .debug_abbrev  0x00000000000024f4      0x2f4 ./Drivers/STM32F4xx_HAL_Driver/Src/stm32f4xx_hal_uart.o

.debug_aranges  0x0000000000000000      0xb60
 .debug_aranges
                0x0000000000000000       0x30 ./Core/Src/can.o
 .debug_aranges
                0x0000000000000030       0x20 ./Core/Src/gpio.o
 .debug_aranges
                0x0000000000000050       0x40 ./Core/Src/main.o
 .debug_aranges
                0x0000000000000090       0x38 ./Core/Src/motor.o
 .debug_aranges
                0x00000000000000c8       0x30 ./Core/Src/spi.o
 .debug_aranges
                0x00000000000000f8       0x20 ./Core/Src/stm32f4xx_hal_msp.o
 .debug_aranges
                0x0000000000000118       0x70 ./Core/Src/stm32f4xx_it.o
 .debug_aranges
                0x0000000000000188       0x28 ./Core/Src/system_stm32f4xx.o
 .debug_aranges
                0x00000000000001b0       0x30 ./Core/Src/usart.o
 .debug_aranges
                0x00000000000001e0       0x28 ./Core/Startup/startup_stm32f446retx.o
 .debug_aranges
                0x0000000000000208       0xf0 ./Drivers/STM32F4xx_HAL_Driver/Src/stm32f4xx_hal.o
 .debug_aranges
                0x00000000000002f8      0x138 ./Drivers/STM32F4xx_HAL_Driver/Src/stm32f4xx_hal_can.o
 .debug_aranges
                0x0000000000000430      0x118 ./Drivers/STM32F4xx_HAL_Driver/Src/stm32f4xx_hal_cortex.o
 .debug_aranges
                0x0000000000000548       0x90 ./Drivers/STM32F4xx_HAL_Driver/Src/stm32f4xx_hal_dma.o
 .debug_aranges
                0x00000000000005d8       0x58 ./Drivers/STM32F4xx_HAL_Driver/Src/stm32f4xx_hal_gpio.o
 .debug_aranges
                0x0000000000000630       0x60 ./Drivers/STM32F4xx_HAL_Driver/Src/stm32f4xx_hal_pwr_ex.o
 .debug_aranges
                0x0000000000000690       0x88 ./Drivers/STM32F4xx_HAL_Driver/Src/stm32f4xx_hal_rcc.o
 .debug_aranges
                0x0000000000000718       0x78 ./Drivers/STM32F4xx_HAL_Driver/Src/stm32f4xx_hal_rcc_ex.o
 .debug_aranges
                0x0000000000000790      0x1d0 ./Drivers/STM32F4xx_HAL_Driver/Src/stm32f4xx_hal_spi.o
 .debug_aranges
                0x0000000000000960      0x200 ./Drivers/STM32F4xx_HAL_Driver/Src/stm32f4xx_hal_uart.o

.debug_ranges   0x0000000000000000      0xa58
 .debug_ranges  0x0000000000000000       0x20 ./Core/Src/can.o
 .debug_ranges  0x0000000000000020       0x10 ./Core/Src/gpio.o
 .debug_ranges  0x0000000000000030       0x30 ./Core/Src/main.o
 .debug_ranges  0x0000000000000060       0x28 ./Core/Src/motor.o
 .debug_ranges  0x0000000000000088       0x20 ./Core/Src/spi.o
 .debug_ranges  0x00000000000000a8       0x10 ./Core/Src/stm32f4xx_hal_msp.o
 .debug_ranges  0x00000000000000b8       0x60 ./Core/Src/stm32f4xx_it.o
 .debug_ranges  0x0000000000000118       0x18 ./Core/Src/system_stm32f4xx.o
 .debug_ranges  0x0000000000000130       0x20 ./Core/Src/usart.o
 .debug_ranges  0x0000000000000150       0x20 ./Core/Startup/startup_stm32f446retx.o
 .debug_ranges  0x0000000000000170       0xe0 ./Drivers/STM32F4xx_HAL_Driver/Src/stm32f4xx_hal.o
 .debug_ranges  0x0000000000000250      0x128 ./Drivers/STM32F4xx_HAL_Driver/Src/stm32f4xx_hal_can.o
 .debug_ranges  0x0000000000000378      0x108 ./Drivers/STM32F4xx_HAL_Driver/Src/stm32f4xx_hal_cortex.o
 .debug_ranges  0x0000000000000480       0x80 ./Drivers/STM32F4xx_HAL_Driver/Src/stm32f4xx_hal_dma.o
 .debug_ranges  0x0000000000000500       0x48 ./Drivers/STM32F4xx_HAL_Driver/Src/stm32f4xx_hal_gpio.o
 .debug_ranges  0x0000000000000548       0x50 ./Drivers/STM32F4xx_HAL_Driver/Src/stm32f4xx_hal_pwr_ex.o
 .debug_ranges  0x0000000000000598       0x78 ./Drivers/STM32F4xx_HAL_Driver/Src/stm32f4xx_hal_rcc.o
 .debug_ranges  0x0000000000000610       0x68 ./Drivers/STM32F4xx_HAL_Driver/Src/stm32f4xx_hal_rcc_ex.o
 .debug_ranges  0x0000000000000678      0x1c0 ./Drivers/STM32F4xx_HAL_Driver/Src/stm32f4xx_hal_spi.o
 .debug_ranges  0x0000000000000838      0x220 ./Drivers/STM32F4xx_HAL_Driver/Src/stm32f4xx_hal_uart.o

.debug_macro    0x0000000000000000    0x24f62
 .debug_macro   0x0000000000000000      0x1e7 ./Core/Src/can.o
 .debug_macro   0x00000000000001e7      0xa78 ./Core/Src/can.o
 .debug_macro   0x0000000000000c5f      0x2a1 ./Core/Src/can.o
 .debug_macro   0x0000000000000f00       0x2e ./Core/Src/can.o
 .debug_macro   0x0000000000000f2e       0x28 ./Core/Src/can.o
 .debug_macro   0x0000000000000f56       0x22 ./Core/Src/can.o
 .debug_macro   0x0000000000000f78       0x8e ./Core/Src/can.o
 .debug_macro   0x0000000000001006       0x51 ./Core/Src/can.o
 .debug_macro   0x0000000000001057      0x103 ./Core/Src/can.o
 .debug_macro   0x000000000000115a       0x6a ./Core/Src/can.o
 .debug_macro   0x00000000000011c4      0x1df ./Core/Src/can.o
 .debug_macro   0x00000000000013a3       0x1c ./Core/Src/can.o
 .debug_macro   0x00000000000013bf       0x22 ./Core/Src/can.o
 .debug_macro   0x00000000000013e1       0xd9 ./Core/Src/can.o
 .debug_macro   0x00000000000014ba     0x102d ./Core/Src/can.o
 .debug_macro   0x00000000000024e7      0x11f ./Core/Src/can.o
 .debug_macro   0x0000000000002606    0x16749 ./Core/Src/can.o
 .debug_macro   0x0000000000018d4f       0x6d ./Core/Src/can.o
 .debug_macro   0x0000000000018dbc     0x367e ./Core/Src/can.o
 .debug_macro   0x000000000001c43a      0x174 ./Core/Src/can.o
 .debug_macro   0x000000000001c5ae       0x5c ./Core/Src/can.o
 .debug_macro   0x000000000001c60a      0xc90 ./Core/Src/can.o
 .debug_macro   0x000000000001d29a      0x9fe ./Core/Src/can.o
 .debug_macro   0x000000000001dc98      0x115 ./Core/Src/can.o
 .debug_macro   0x000000000001ddad      0x1a0 ./Core/Src/can.o
 .debug_macro   0x000000000001df4d       0xa5 ./Core/Src/can.o
 .debug_macro   0x000000000001dff2      0x16d ./Core/Src/can.o
 .debug_macro   0x000000000001e15f      0x287 ./Core/Src/can.o
 .debug_macro   0x000000000001e3e6       0x5f ./Core/Src/can.o
 .debug_macro   0x000000000001e445      0x236 ./Core/Src/can.o
 .debug_macro   0x000000000001e67b      0x40f ./Core/Src/can.o
 .debug_macro   0x000000000001ea8a      0x132 ./Core/Src/can.o
 .debug_macro   0x000000000001ebbc      0x29c ./Core/Src/can.o
 .debug_macro   0x000000000001ee58       0x2e ./Core/Src/can.o
 .debug_macro   0x000000000001ee86      0x11a ./Core/Src/can.o
 .debug_macro   0x000000000001efa0       0xe8 ./Core/Src/can.o
 .debug_macro   0x000000000001f088       0x89 ./Core/Src/can.o
 .debug_macro   0x000000000001f111      0x225 ./Core/Src/can.o
 .debug_macro   0x000000000001f336      0x295 ./Core/Src/can.o
 .debug_macro   0x000000000001f5cb      0x126 ./Core/Src/can.o
 .debug_macro   0x000000000001f6f1       0x58 ./Core/Src/can.o
 .debug_macro   0x000000000001f749      0x1e7 ./Core/Src/gpio.o
 .debug_macro   0x000000000001f930      0x36c ./Core/Src/main.o
 .debug_macro   0x000000000001fc9c      0xb50 ./Core/Src/main.o
 .debug_macro   0x00000000000207ec       0x1c ./Core/Src/main.o
 .debug_macro   0x0000000000020808     0x102d ./Core/Src/main.o
 .debug_macro   0x0000000000021835      0x17b ./Core/Src/main.o
 .debug_macro   0x00000000000219b0      0x18a ./Core/Src/main.o
 .debug_macro   0x0000000000021b3a       0x10 ./Core/Src/main.o
 .debug_macro   0x0000000000021b4a      0x3d1 ./Core/Src/main.o
 .debug_macro   0x0000000000021f1b       0x18 ./Core/Src/main.o
 .debug_macro   0x0000000000021f33       0x52 ./Core/Src/main.o
 .debug_macro   0x0000000000021f85       0x1e ./Core/Src/main.o
 .debug_macro   0x0000000000021fa3       0x3c ./Core/Src/main.o
 .debug_macro   0x0000000000021fdf       0x34 ./Core/Src/main.o
 .debug_macro   0x0000000000022013       0x16 ./Core/Src/main.o
 .debug_macro   0x0000000000022029       0x43 ./Core/Src/main.o
 .debug_macro   0x000000000002206c       0x34 ./Core/Src/main.o
 .debug_macro   0x00000000000220a0       0x10 ./Core/Src/main.o
 .debug_macro   0x00000000000220b0       0x58 ./Core/Src/main.o
 .debug_macro   0x0000000000022108       0x71 ./Core/Src/main.o
 .debug_macro   0x0000000000022179       0x16 ./Core/Src/main.o
 .debug_macro   0x000000000002218f      0x12a ./Core/Src/main.o
 .debug_macro   0x00000000000222b9      0x364 ./Core/Src/main.o
 .debug_macro   0x000000000002261d      0x194 ./Core/Src/main.o
 .debug_macro   0x00000000000227b1       0x10 ./Core/Src/main.o
 .debug_macro   0x00000000000227c1       0x16 ./Core/Src/main.o
 .debug_macro   0x00000000000227d7       0x35 ./Core/Src/main.o
 .debug_macro   0x000000000002280c       0x16 ./Core/Src/main.o
 .debug_macro   0x0000000000022822       0x29 ./Core/Src/main.o
 .debug_macro   0x000000000002284b       0x10 ./Core/Src/main.o
 .debug_macro   0x000000000002285b      0x3c7 ./Core/Src/main.o
 .debug_macro   0x0000000000022c22      0x1d6 ./Core/Src/motor.o
 .debug_macro   0x0000000000022df8       0x16 ./Core/Src/motor.o
 .debug_macro   0x0000000000022e0e       0x97 ./Core/Src/motor.o
 .debug_macro   0x0000000000022ea5      0x104 ./Core/Src/motor.o
 .debug_macro   0x0000000000022fa9       0x10 ./Core/Src/motor.o
 .debug_macro   0x0000000000022fb9       0x10 ./Core/Src/motor.o
 .debug_macro   0x0000000000022fc9       0x1c ./Core/Src/motor.o
 .debug_macro   0x0000000000022fe5       0x52 ./Core/Src/motor.o
 .debug_macro   0x0000000000023037       0x22 ./Core/Src/motor.o
 .debug_macro   0x0000000000023059       0x10 ./Core/Src/motor.o
 .debug_macro   0x0000000000023069       0x52 ./Core/Src/motor.o
 .debug_macro   0x00000000000230bb       0xd5 ./Core/Src/motor.o
 .debug_macro   0x0000000000023190       0x1c ./Core/Src/motor.o
 .debug_macro   0x00000000000231ac       0x3d ./Core/Src/motor.o
 .debug_macro   0x00000000000231e9       0x16 ./Core/Src/motor.o
 .debug_macro   0x00000000000231ff      0x137 ./Core/Src/motor.o
 .debug_macro   0x0000000000023336      0x1e7 ./Core/Src/spi.o
 .debug_macro   0x000000000002351d      0x1dd ./Core/Src/stm32f4xx_hal_msp.o
 .debug_macro   0x00000000000236fa      0x1e7 ./Core/Src/stm32f4xx_it.o
 .debug_macro   0x00000000000238e1      0x1ce ./Core/Src/system_stm32f4xx.o
 .debug_macro   0x0000000000023aaf      0x1e7 ./Core/Src/usart.o
 .debug_macro   0x0000000000023c96      0x22e ./Drivers/STM32F4xx_HAL_Driver/Src/stm32f4xx_hal.o
 .debug_macro   0x0000000000023ec4      0x1d6 ./Drivers/STM32F4xx_HAL_Driver/Src/stm32f4xx_hal_can.o
 .debug_macro   0x000000000002409a      0x1ce ./Drivers/STM32F4xx_HAL_Driver/Src/stm32f4xx_hal_cortex.o
 .debug_macro   0x0000000000024268      0x1d4 ./Drivers/STM32F4xx_HAL_Driver/Src/stm32f4xx_hal_dma.o
 .debug_macro   0x000000000002443c      0x1d4 ./Drivers/STM32F4xx_HAL_Driver/Src/stm32f4xx_hal_gpio.o
 .debug_macro   0x0000000000024610      0x1e6 ./Drivers/STM32F4xx_HAL_Driver/Src/stm32f4xx_hal_pwr_ex.o
 .debug_macro   0x00000000000247f6      0x1f2 ./Drivers/STM32F4xx_HAL_Driver/Src/stm32f4xx_hal_rcc.o
 .debug_macro   0x00000000000249e8      0x1ce ./Drivers/STM32F4xx_HAL_Driver/Src/stm32f4xx_hal_rcc_ex.o
 .debug_macro   0x0000000000024bb6      0x1dd ./Drivers/STM32F4xx_HAL_Driver/Src/stm32f4xx_hal_spi.o
 .debug_macro   0x0000000000024d93      0x1cf ./Drivers/STM32F4xx_HAL_Driver/Src/stm32f4xx_hal_uart.o

.debug_line     0x0000000000000000     0xf941
 .debug_line    0x0000000000000000      0x729 ./Core/Src/can.o
 .debug_line    0x0000000000000729      0x6d2 ./Core/Src/gpio.o
 .debug_line    0x0000000000000dfb      0xf37 ./Core/Src/main.o
 .debug_line    0x0000000000001d32      0x685 ./Core/Src/motor.o
 .debug_line    0x00000000000023b7      0x72a ./Core/Src/spi.o
 .debug_line    0x0000000000002ae1      0x6b9 ./Core/Src/stm32f4xx_hal_msp.o
 .debug_line    0x000000000000319a      0x7ab ./Core/Src/stm32f4xx_it.o
 .debug_line    0x0000000000003945      0x73a ./Core/Src/system_stm32f4xx.o
 .debug_line    0x000000000000407f      0x722 ./Core/Src/usart.o
 .debug_line    0x00000000000047a1       0x88 ./Core/Startup/startup_stm32f446retx.o
 .debug_line    0x0000000000004829      0x9a0 ./Drivers/STM32F4xx_HAL_Driver/Src/stm32f4xx_hal.o
 .debug_line    0x00000000000051c9     0x110c ./Drivers/STM32F4xx_HAL_Driver/Src/stm32f4xx_hal_can.o
 .debug_line    0x00000000000062d5      0xc4f ./Drivers/STM32F4xx_HAL_Driver/Src/stm32f4xx_hal_cortex.o
 .debug_line    0x0000000000006f24      0xf04 ./Drivers/STM32F4xx_HAL_Driver/Src/stm32f4xx_hal_dma.o
 .debug_line    0x0000000000007e28      0xb00 ./Drivers/STM32F4xx_HAL_Driver/Src/stm32f4xx_hal_gpio.o
 .debug_line    0x0000000000008928      0x8cf ./Drivers/STM32F4xx_HAL_Driver/Src/stm32f4xx_hal_pwr_ex.o
 .debug_line    0x00000000000091f7      0xd28 ./Drivers/STM32F4xx_HAL_Driver/Src/stm32f4xx_hal_rcc.o
 .debug_line    0x0000000000009f1f     0x13b3 ./Drivers/STM32F4xx_HAL_Driver/Src/stm32f4xx_hal_rcc_ex.o
 .debug_line    0x000000000000b2d2     0x1c2a ./Drivers/STM32F4xx_HAL_Driver/Src/stm32f4xx_hal_spi.o
 .debug_line    0x000000000000cefc     0x2a45 ./Drivers/STM32F4xx_HAL_Driver/Src/stm32f4xx_hal_uart.o

.debug_str      0x0000000000000000    0xd0012
 .debug_str     0x0000000000000000    0xc5d54 ./Core/Src/can.o
                                      0xc6111 (size before relaxing)
 .debug_str     0x00000000000c5d54       0x68 ./Core/Src/gpio.o
                                      0xc58da (size before relaxing)
 .debug_str     0x00000000000c5dbc     0x6c39 ./Core/Src/main.o
                                      0xcc879 (size before relaxing)
 .debug_str     0x00000000000cc9f5      0xf8e ./Core/Src/motor.o
                                       0x829a (size before relaxing)
 .debug_str     0x00000000000cd983       0x4b ./Core/Src/spi.o
                                      0xc62db (size before relaxing)
 .debug_str     0x00000000000cd9ce       0x49 ./Core/Src/stm32f4xx_hal_msp.o
                                      0xc582c (size before relaxing)
 .debug_str     0x00000000000cda17      0x113 ./Core/Src/stm32f4xx_it.o
                                      0xc5e9f (size before relaxing)
 .debug_str     0x00000000000cdb2a       0xdb ./Core/Src/system_stm32f4xx.o
                                      0xc5799 (size before relaxing)
 .debug_str     0x00000000000cdc05      0x1c8 ./Core/Src/usart.o
                                      0xc5d6f (size before relaxing)
 .debug_str     0x00000000000cddcd       0x36 ./Core/Startup/startup_stm32f446retx.o
                                         0x7d (size before relaxing)
 .debug_str     0x00000000000cde03      0x582 ./Drivers/STM32F4xx_HAL_Driver/Src/stm32f4xx_hal.o
                                      0xc635e (size before relaxing)
 .debug_str     0x00000000000ce385      0x3bd ./Drivers/STM32F4xx_HAL_Driver/Src/stm32f4xx_hal_can.o
                                      0xc5e60 (size before relaxing)
 .debug_str     0x00000000000ce742      0x32d ./Drivers/STM32F4xx_HAL_Driver/Src/stm32f4xx_hal_cortex.o
                                      0xc606c (size before relaxing)
 .debug_str     0x00000000000cea6f      0x31a ./Drivers/STM32F4xx_HAL_Driver/Src/stm32f4xx_hal_dma.o
                                      0xc5b8e (size before relaxing)
 .debug_str     0x00000000000ced89      0x10e ./Drivers/STM32F4xx_HAL_Driver/Src/stm32f4xx_hal_gpio.o
                                      0xc5914 (size before relaxing)
 .debug_str     0x00000000000cee97      0x135 ./Drivers/STM32F4xx_HAL_Driver/Src/stm32f4xx_hal_pwr_ex.o
                                      0xc5971 (size before relaxing)
 .debug_str     0x00000000000cefcc      0x228 ./Drivers/STM32F4xx_HAL_Driver/Src/stm32f4xx_hal_rcc.o
                                      0xc5bd2 (size before relaxing)
 .debug_str     0x00000000000cf1f4      0x31c ./Drivers/STM32F4xx_HAL_Driver/Src/stm32f4xx_hal_rcc_ex.o
                                      0xc5c05 (size before relaxing)
 .debug_str     0x00000000000cf510      0x50f ./Drivers/STM32F4xx_HAL_Driver/Src/stm32f4xx_hal_spi.o
                                      0xc6038 (size before relaxing)
 .debug_str     0x00000000000cfa1f      0x5f3 ./Drivers/STM32F4xx_HAL_Driver/Src/stm32f4xx_hal_uart.o
                                      0xc6147 (size before relaxing)

.comment        0x0000000000000000       0x50
 .comment       0x0000000000000000       0x50 ./Core/Src/can.o
                                         0x51 (size before relaxing)
 .comment       0x0000000000000050       0x51 ./Core/Src/gpio.o
 .comment       0x0000000000000050       0x51 ./Core/Src/main.o
 .comment       0x0000000000000050       0x51 ./Core/Src/motor.o
 .comment       0x0000000000000050       0x51 ./Core/Src/spi.o
 .comment       0x0000000000000050       0x51 ./Core/Src/stm32f4xx_hal_msp.o
 .comment       0x0000000000000050       0x51 ./Core/Src/stm32f4xx_it.o
 .comment       0x0000000000000050       0x51 ./Core/Src/system_stm32f4xx.o
 .comment       0x0000000000000050       0x51 ./Core/Src/usart.o
 .comment       0x0000000000000050       0x51 ./Drivers/STM32F4xx_HAL_Driver/Src/stm32f4xx_hal.o
 .comment       0x0000000000000050       0x51 ./Drivers/STM32F4xx_HAL_Driver/Src/stm32f4xx_hal_can.o
 .comment       0x0000000000000050       0x51 ./Drivers/STM32F4xx_HAL_Driver/Src/stm32f4xx_hal_cortex.o
 .comment       0x0000000000000050       0x51 ./Drivers/STM32F4xx_HAL_Driver/Src/stm32f4xx_hal_dma.o
 .comment       0x0000000000000050       0x51 ./Drivers/STM32F4xx_HAL_Driver/Src/stm32f4xx_hal_gpio.o
 .comment       0x0000000000000050       0x51 ./Drivers/STM32F4xx_HAL_Driver/Src/stm32f4xx_hal_pwr_ex.o
 .comment       0x0000000000000050       0x51 ./Drivers/STM32F4xx_HAL_Driver/Src/stm32f4xx_hal_rcc.o
 .comment       0x0000000000000050       0x51 ./Drivers/STM32F4xx_HAL_Driver/Src/stm32f4xx_hal_rcc_ex.o
 .comment       0x0000000000000050       0x51 ./Drivers/STM32F4xx_HAL_Driver/Src/stm32f4xx_hal_spi.o
 .comment       0x0000000000000050       0x51 ./Drivers/STM32F4xx_HAL_Driver/Src/stm32f4xx_hal_uart.o

.debug_frame    0x0000000000000000     0x2e48
 .debug_frame   0x0000000000000000       0x74 ./Core/Src/can.o
 .debug_frame   0x0000000000000074       0x34 ./Core/Src/gpio.o
 .debug_frame   0x00000000000000a8       0xb8 ./Core/Src/main.o
 .debug_frame   0x0000000000000160       0xac ./Core/Src/motor.o
 .debug_frame   0x000000000000020c       0x74 ./Core/Src/spi.o
 .debug_frame   0x0000000000000280       0x34 ./Core/Src/stm32f4xx_hal_msp.o
 .debug_frame   0x00000000000002b4      0x13c ./Core/Src/stm32f4xx_it.o
 .debug_frame   0x00000000000003f0       0x58 ./Core/Src/system_stm32f4xx.o
 .debug_frame   0x0000000000000448       0x74 ./Core/Src/usart.o
 .debug_frame   0x00000000000004bc      0x374 ./Drivers/STM32F4xx_HAL_Driver/Src/stm32f4xx_hal.o
 .debug_frame   0x0000000000000830      0x5a0 ./Drivers/STM32F4xx_HAL_Driver/Src/stm32f4xx_hal_can.o
 .debug_frame   0x0000000000000dd0      0x498 ./Drivers/STM32F4xx_HAL_Driver/Src/stm32f4xx_hal_cortex.o
 .debug_frame   0x0000000000001268      0x250 ./Drivers/STM32F4xx_HAL_Driver/Src/stm32f4xx_hal_dma.o
 .debug_frame   0x00000000000014b8      0x14c ./Drivers/STM32F4xx_HAL_Driver/Src/stm32f4xx_hal_gpio.o
 .debug_frame   0x0000000000001604      0x14c ./Drivers/STM32F4xx_HAL_Driver/Src/stm32f4xx_hal_pwr_ex.o
 .debug_frame   0x0000000000001750      0x1f4 ./Drivers/STM32F4xx_HAL_Driver/Src/stm32f4xx_hal_rcc.o
 .debug_frame   0x0000000000001944      0x1e8 ./Drivers/STM32F4xx_HAL_Driver/Src/stm32f4xx_hal_rcc_ex.o
 .debug_frame   0x0000000000001b2c      0x824 ./Drivers/STM32F4xx_HAL_Driver/Src/stm32f4xx_hal_spi.o
 .debug_frame   0x0000000000002350      0x92c ./Drivers/STM32F4xx_HAL_Driver/Src/stm32f4xx_hal_uart.o
 .debug_frame   0x0000000000002c7c       0x2c c:/st/stm32cubeide_1.10.1/stm32cubeide/plugins/com.st.stm32cube.ide.mcu.externaltools.gnu-tools-for-stm32.10.3-2021.10.win32_1.0.0.202111181127/tools/bin/../lib/gcc/arm-none-eabi/10.3.1/../../../../arm-none-eabi/lib/thumb/v7e-m+fp/hard\libc_nano.a(lib_a-init.o)
 .debug_frame   0x0000000000002ca8       0x20 c:/st/stm32cubeide_1.10.1/stm32cubeide/plugins/com.st.stm32cube.ide.mcu.externaltools.gnu-tools-for-stm32.10.3-2021.10.win32_1.0.0.202111181127/tools/bin/../lib/gcc/arm-none-eabi/10.3.1/../../../../arm-none-eabi/lib/thumb/v7e-m+fp/hard\libc_nano.a(lib_a-memset.o)
 .debug_frame   0x0000000000002cc8       0xac c:/st/stm32cubeide_1.10.1/stm32cubeide/plugins/com.st.stm32cube.ide.mcu.externaltools.gnu-tools-for-stm32.10.3-2021.10.win32_1.0.0.202111181127/tools/bin/../lib/gcc/arm-none-eabi/10.3.1/thumb/v7e-m+fp/hard\libgcc.a(_arm_addsubdf3.o)
 .debug_frame   0x0000000000002d74       0x50 c:/st/stm32cubeide_1.10.1/stm32cubeide/plugins/com.st.stm32cube.ide.mcu.externaltools.gnu-tools-for-stm32.10.3-2021.10.win32_1.0.0.202111181127/tools/bin/../lib/gcc/arm-none-eabi/10.3.1/thumb/v7e-m+fp/hard\libgcc.a(_arm_muldivdf3.o)
 .debug_frame   0x0000000000002dc4       0x24 c:/st/stm32cubeide_1.10.1/stm32cubeide/plugins/com.st.stm32cube.ide.mcu.externaltools.gnu-tools-for-stm32.10.3-2021.10.win32_1.0.0.202111181127/tools/bin/../lib/gcc/arm-none-eabi/10.3.1/thumb/v7e-m+fp/hard\libgcc.a(_arm_fixdfsi.o)
 .debug_frame   0x0000000000002de8       0x2c c:/st/stm32cubeide_1.10.1/stm32cubeide/plugins/com.st.stm32cube.ide.mcu.externaltools.gnu-tools-for-stm32.10.3-2021.10.win32_1.0.0.202111181127/tools/bin/../lib/gcc/arm-none-eabi/10.3.1/thumb/v7e-m+fp/hard\libgcc.a(_aeabi_uldivmod.o)
 .debug_frame   0x0000000000002e14       0x34 c:/st/stm32cubeide_1.10.1/stm32cubeide/plugins/com.st.stm32cube.ide.mcu.externaltools.gnu-tools-for-stm32.10.3-2021.10.win32_1.0.0.202111181127/tools/bin/../lib/gcc/arm-none-eabi/10.3.1/thumb/v7e-m+fp/hard\libgcc.a(_udivmoddi4.o)
