20:26:15 **** Incremental Build of configuration Debug for project Rover ****
make -j16 all 
arm-none-eabi-g++ "../Core/Src/main.cpp" -mcpu=cortex-m4 -std=gnu++14 -g3 -DDEBUG -DUSE_HAL_DRIVER -DSTM32F446xx -c -I../Core/Inc -I../Drivers/STM32F4xx_HAL_Driver/Inc -I../Drivers/STM32F4xx_HAL_Driver/Inc/Legacy -I../Drivers/CMSIS/Device/ST/STM32F4xx/Include -I../Drivers/CMSIS/Include -O0 -ffunction-sections -fdata-sections -fno-exceptions -fno-rtti -fno-use-cxa-atexit -Wall -fstack-usage -MMD -MP -MF"Core/Src/main.d" -MT"Core/Src/main.o" --specs=nano.specs -mfpu=fpv4-sp-d16 -mfloat-abi=hard -mthumb -o "Core/Src/main.o"
../Core/Src/main.cpp: In function 'int main()':
../Core/Src/main.cpp:182:17: warning: suggest parentheses around assignment used as truth value [-Wparentheses]
  182 |    if(spi_state = HAL_SPI_STATE_READY)
      |       ~~~~~~~~~~^~~~~~~~~~~~~~~~~~~~~
../Core/Src/main.cpp:155:9: warning: unused variable 'target_vel1' [-Wunused-variable]
  155 |   float target_vel1 = 0.0;
      |         ^~~~~~~~~~~
../Core/Src/main.cpp:156:9: warning: unused variable 'target_vel2' [-Wunused-variable]
  156 |   float target_vel2 = 0.0;
      |         ^~~~~~~~~~~
arm-none-eabi-g++ -o "Rover.elf" @"objects.list"   -mcpu=cortex-m4 -T"C:\Users\Plutonium\MachineLearning\git\Rover\stm32_cube_sw\Rover\STM32F446RETX_FLASH.ld" --specs=nosys.specs -Wl,-Map="Rover.map" -Wl,--gc-sections -static --specs=nano.specs -mfpu=fpv4-sp-d16 -mfloat-abi=hard -mthumb -Wl,--start-group -lc -lm -lstdc++ -lsupc++ -Wl,--end-group
Finished building target: Rover.elf
 
arm-none-eabi-size   Rover.elf 
arm-none-eabi-objdump -h -S  Rover.elf  > "Rover.list"
   text	   data	    bss	    dec	    hex	filename
  19812	     24	   2096	  21932	   55ac	Rover.elf
Finished building: default.size.stdout
 
Finished building: Rover.list
 
20:26:17 **** Incremental Build of configuration Debug for project Rover ****
make -j16 all 
arm-none-eabi-size   Rover.elf 
   text	   data	    bss	    dec	    hex	filename
  19812	     24	   2096	  21932	   55ac	Rover.elf
Finished building: default.size.stdout
 
