19:32:59 **** Build of configuration Debug for project Rover ****
make -j16 all 
arm-none-eabi-g++ -o "Rover.elf" @"objects.list"   -mcpu=cortex-m4 -T"C:\Users\Plutonium\MachineLearning\git\Rover\cube_workspace\Rover\STM32F446RETX_FLASH.ld" --specs=nosys.specs -Wl,-Map="Rover.map" -Wl,--gc-sections -static --specs=nano.specs -mfpu=fpv4-sp-d16 -mfloat-abi=hard -mthumb -Wl,--start-group -lc -lm -lstdc++ -lsupc++ -Wl,--end-group
Finished building target: Rover.elf
 
arm-none-eabi-size   Rover.elf 
arm-none-eabi-objdump -h -S  Rover.elf  > "Rover.list"
   text	   data	    bss	    dec	    hex	filename
  20020	     20	   1868	  21908	   5594	Rover.elf
Finished building: default.size.stdout
 
Finished building: Rover.list
 
19:33:07 **** Incremental Build of configuration Debug for project Rover ****
make -j16 all 
arm-none-eabi-size   Rover.elf 
   text	   data	    bss	    dec	    hex	filename
  20020	     20	   1868	  21908	   5594	Rover.elf
Finished building: default.size.stdout
 
